 untitled_sfun

 Timestamp is 5654dad3 (Tue Nov 24 23:46:59 2015)

 Preferred load address is 0000000180000000

 Start         Length     Name                   Class
 0001:00000000 00038aa4H .text                   CODE
 0001:00038ab0 00000092H .text$x                 CODE
 0002:00000000 00000480H .idata$5                DATA
 0002:00000480 00000008H .CRT$XCA                DATA
 0002:00000488 00000008H .CRT$XCZ                DATA
 0002:00000490 00000008H .CRT$XIA                DATA
 0002:00000498 00000008H .CRT$XIAA               DATA
 0002:000004a0 00000008H .CRT$XIZ                DATA
 0002:000004b0 00004b2cH .rdata                  DATA
 0002:00004fe0 00000008H .rtc$IAA                DATA
 0002:00004fe8 00000008H .rtc$IZZ                DATA
 0002:00004ff0 00000008H .rtc$TAA                DATA
 0002:00004ff8 00000008H .rtc$TZZ                DATA
 0002:00005000 00003f64H .xdata                  DATA
 0002:00008f64 000000a0H .idata$2                DATA
 0002:00009004 00000014H .idata$3                DATA
 0002:00009018 00000480H .idata$4                DATA
 0002:00009498 00000a74H .idata$6                DATA
 0002:00009f10 00000053H .edata                  DATA
 0003:00000000 000029b8H .data                   DATA
 0003:000029c0 000026b8H .bss                    DATA
 0004:00000000 00003138H .pdata                  DATA

  Address         Publics by Value              Rva+Base               Lib:Object

 0000:00000000       ___safe_se_handler_table   0000000000000000     <absolute>
 0000:00000000       ___safe_se_handler_count   0000000000000000     <absolute>
 0000:00000000       __ImageBase                0000000180000000     <linker-defined>
 0001:00000000       sf_c1_untitled_get_eml_resolved_functions_info 0000000180001000 f   c1_untitled.obj
 0001:000004f0       sf_c1_untitled_get_check_sum 00000001800014f0 f   c1_untitled.obj
 0001:00000570       sf_c1_untitled_get_autoinheritance_info 0000000180001570 f   c1_untitled.obj
 0001:00000ae0       sf_internal_get_sim_state_c1_untitled 0000000180001ae0 f   c1_untitled.obj
 0001:00000f00       sf_internal_set_sim_state_c1_untitled 0000000180001f00 f   c1_untitled.obj
 0001:00001340       c1_untitled_method_dispatcher 0000000180002340 f   c1_untitled.obj
 0001:00003320       sf_c2_untitled_get_eml_resolved_functions_info 0000000180004320 f   c2_untitled.obj
 0001:00004020       sf_c2_untitled_get_check_sum 0000000180005020 f   c2_untitled.obj
 0001:000040a0       sf_c2_untitled_get_autoinheritance_info 00000001800050a0 f   c2_untitled.obj
 0001:00004610       sf_internal_get_sim_state_c2_untitled 0000000180005610 f   c2_untitled.obj
 0001:00004a20       sf_internal_set_sim_state_c2_untitled 0000000180005a20 f   c2_untitled.obj
 0001:00004e60       c2_untitled_method_dispatcher 0000000180005e60 f   c2_untitled.obj
 0001:000068c0       sf_process_check_sum_call  00000001800078c0 f   untitled_sfun_registry.obj
 0001:00006910       sf_process_autoinheritance_call 0000000180007910 f   untitled_sfun_registry.obj
 0001:00006ab0       sf_process_get_eml_resolved_functions_info_call 0000000180007ab0 f   untitled_sfun_registry.obj
 0001:00006c30       sf_mex_unlock_call         0000000180007c30 f   untitled_sfun_registry.obj
 0001:00006ce0       sf_machine_global_initializer_called 0000000180007ce0 f   untitled_sfun_registry.obj
 0001:00006d10       sf_machine_global_method_dispatcher 0000000180007d10 f   untitled_sfun_registry.obj
 0001:00006d70       sf_machine_global_terminator 0000000180007d70 f   untitled_sfun_registry.obj
 0001:00006db0       sf_register_machine_exported_symbols 0000000180007db0 f   untitled_sfun_registry.obj
 0001:00006dd0       callCustomFcn              0000000180007dd0 f   untitled_sfun_registry.obj
 0001:00006de0       sf_machine_global_initializer 0000000180007de0 f   untitled_sfun_registry.obj
 0001:00006e50       _ssSetStateAbsTol          0000000180007e50 f   untitled_sfun_registry.obj
 0001:00006f30       _ssGetAbsTol               0000000180007f30 f   untitled_sfun_registry.obj
 0001:00006fa0       _ssSetInputPortMatrixDimensions 0000000180007fa0 f   untitled_sfun_registry.obj
 0001:000070b0       _ssSetOutputPortMatrixDimensions 00000001800080b0 f   untitled_sfun_registry.obj
 0001:000071c0       _ssSetInputPortVectorDimension 00000001800081c0 f   untitled_sfun_registry.obj
 0001:00007290       _ssSetOutputPortVectorDimension 0000000180008290 f   untitled_sfun_registry.obj
 0001:00007360       ssIsRunTimeParamTunable    0000000180008360 f   untitled_sfun_registry.obj
 0001:000073d0       ssGetSFuncBlockHandle      00000001800083d0 f   untitled_sfun_registry.obj
 0001:00007440       _ssGetCurrentInputPortWidth 0000000180008440 f   untitled_sfun_registry.obj
 0001:00007560       _ssGetCurrentOutputPortWidth 0000000180008560 f   untitled_sfun_registry.obj
 0001:00007680       _ssGetCallSystemNumFcnCallDestinations 0000000180008680 f   untitled_sfun_registry.obj
 0001:000076f0       ssWarning                  00000001800086f0 f   untitled_sfun_registry.obj
 0001:00007800       ssGetIsZeroCrossControlDisabled 0000000180008800 f   untitled_sfun_registry.obj
 0001:00007870       ssSetIsInputPortUsedForContZcSignal 0000000180008870 f   untitled_sfun_registry.obj
 0001:000078e0       ssSetZcSignalIsZcElementDisc 00000001800088e0 f   untitled_sfun_registry.obj
 0001:00007990       ssSetZcSignalName          0000000180008990 f   untitled_sfun_registry.obj
 0001:00007a00       ssSetZcSignalWidth         0000000180008a00 f   untitled_sfun_registry.obj
 0001:00007a70       ssSetZcSignalZcEventType   0000000180008a70 f   untitled_sfun_registry.obj
 0001:00007ae0       ssSetZcSignalType          0000000180008ae0 f   untitled_sfun_registry.obj
 0001:00007b50       ssSetZcSignalZcTol         0000000180008b50 f   untitled_sfun_registry.obj
 0001:00007bc0       ssSetZcSignalNeedsEventNotification 0000000180008bc0 f   untitled_sfun_registry.obj
 0001:00007c30       ssCreateAndAddZcSignalInfo 0000000180008c30 f   untitled_sfun_registry.obj
 0001:00007ca0       ssCloneAndAddZcSignalInfo  0000000180008ca0 f   untitled_sfun_registry.obj
 0001:00007d10       ssGetNumZcSignals          0000000180008d10 f   untitled_sfun_registry.obj
 0001:00007d80       ssGetZcSignalVector        0000000180008d80 f   untitled_sfun_registry.obj
 0001:00007df0       ssGetZcSignalZcEvents      0000000180008df0 f   untitled_sfun_registry.obj
 0001:00007e60       ssGetZcSignalName          0000000180008e60 f   untitled_sfun_registry.obj
 0001:00007ed0       ssGetZcSignalWidth         0000000180008ed0 f   untitled_sfun_registry.obj
 0001:00007f40       ssGetZcSignalZcEventType   0000000180008f40 f   untitled_sfun_registry.obj
 0001:00007fb0       ssGetZcSignalType          0000000180008fb0 f   untitled_sfun_registry.obj
 0001:00008020       ssGetZcSignalZcTol         0000000180009020 f   untitled_sfun_registry.obj
 0001:000080a0       ssGetZcSignalNeedsEventNotification 00000001800090a0 f   untitled_sfun_registry.obj
 0001:00008110       ssGetZcSignalIsZcElementDisc 0000000180009110 f   untitled_sfun_registry.obj
 0001:000081b0       ssGetIsInputPortElementContinuous 00000001800091b0 f   untitled_sfun_registry.obj
 0001:00008250       _ssGetInputPortSignalPtrsFcn 0000000180009250 f   untitled_sfun_registry.obj
 0001:00008510       _ssGetInputPortSignalFcn   0000000180009510 f   untitled_sfun_registry.obj
 0001:00008730       _ssSetInputPortDirectFeedThroughFcn 0000000180009730 f   untitled_sfun_registry.obj
 0001:00008890       _ssSetInputPortReusableFcn 0000000180009890 f   untitled_sfun_registry.obj
 0001:00008980       _ssSetOutputPortReusableFcn 0000000180009980 f   untitled_sfun_registry.obj
 0001:00008a60       ssGetDTypeIdFromMxArray    0000000180009a60 f   untitled_sfun_registry.obj
 0001:00008b80       ssWriteRTWStr              0000000180009b80 f   untitled_sfun_registry.obj
 0001:00008be0       ssWriteRTWMxVectParam      0000000180009be0 f   untitled_sfun_registry.obj
 0001:00008c40       ssWriteRTWMx2dMatParam     0000000180009c40 f   untitled_sfun_registry.obj
 0001:00008cc0       ssWriteRTWNameValuePair    0000000180009cc0 f   untitled_sfun_registry.obj
 0001:000091b0       ssWriteRTWParameters       000000018000a1b0 f   untitled_sfun_registry.obj
 0001:000097b0       ssWriteRTWParamSettings    000000018000a7b0 f   untitled_sfun_registry.obj
 0001:00009e80       ssWriteRTWWorkVect         000000018000ae80 f   untitled_sfun_registry.obj
 0001:0000a380       mexFunction                000000018000b380 f   untitled_sfun_registry.obj
 0001:0000bfc0       ProcessMexSfunctionEveryCall 000000018000cfc0 f   untitled_sfun_registry.obj
 0001:0000c130       untitled_initializer       000000018000d130 f   untitled_sfun.obj
 0001:0000c140       untitled_terminator        000000018000d140 f   untitled_sfun.obj
 0001:0000c150       sf_untitled_method_dispatcher 000000018000d150 f   untitled_sfun.obj
 0001:0000c1c0       sf_untitled_process_check_sum_call 000000018000d1c0 f   untitled_sfun.obj
 0001:0000c5e0       sf_untitled_autoinheritance_info 000000018000d5e0 f   untitled_sfun.obj
 0001:0000c7a0       sf_untitled_get_eml_resolved_functions_info 000000018000d7a0 f   untitled_sfun.obj
 0001:0000c910       untitled_debug_initialize  000000018000d910 f   untitled_sfun.obj
 0001:0000c980       untitled_register_exported_symbols 000000018000d980 f   untitled_sfun.obj
 0001:0000c990       load_untitled_optimization_info 000000018000d990 f   untitled_sfun.obj
 0001:0000c9e0       unload_untitled_optimization_info 000000018000d9e0 f   untitled_sfun.obj
 0001:0000cab0       sf_mex_mx_is_numeric       000000018000dab0 f   sfc_mex:sfc_mex.obj
 0001:0000caf0       strcmp_ignore_ws           000000018000daf0 f   sfc_mex:sfc_mex.obj
 0001:0000cc30       sf_mex_duplicatearraysafe  000000018000dc30 f   sfc_mex:sfc_mex.obj
 0001:0000cd90       sf_set_error_debugger_context_message_fcn 000000018000dd90 f   sfc_mex:sfc_mex.obj
 0001:0000cda0       sf_set_debugger_matlab_error_fcn 000000018000dda0 f   sfc_mex:sfc_mex.obj
 0001:0000cdd0       sf_set_error_prefix_string 000000018000ddd0 f   sfc_mex:sfc_mex.obj
 0001:0000ce00       sf_get_error_prefix_string 000000018000de00 f   sfc_mex:sfc_mex.obj
 0001:0000ce10       sf_mex_enter_parallel_region 000000018000de10 f   sfc_mex:sfc_mex.obj
 0001:0000ce20       sf_mex_exit_parallel_region 000000018000de20 f   sfc_mex:sfc_mex.obj
 0001:0000ce30       sf_get_current_jmp_buf_ptr 000000018000de30 f   sfc_mex:sfc_mex.obj
 0001:0000ce40       sf_set_current_jmp_buf_ptr 000000018000de40 f   sfc_mex:sfc_mex.obj
 0001:0000ce50       sf_mex_set_halt_simulation 000000018000de50 f   sfc_mex:sfc_mex.obj
 0001:0000ce60       sf_mex_get_halt_simulation 000000018000de60 f   sfc_mex:sfc_mex.obj
 0001:0000ce70       sf_mex_clear_error_message 000000018000de70 f   sfc_mex:sfc_mex.obj
 0001:0000ce90       sf_mex_get_error_message_for_read 000000018000de90 f   sfc_mex:sfc_mex.obj
 0001:0000cea0       sf_mex_get_error_message_buffer_length 000000018000dea0 f   sfc_mex:sfc_mex.obj
 0001:0000cf80       sf_mex_warning_message     000000018000df80 f   sfc_mex:sfc_mex.obj
 0001:0000cff0       sf_mex_v_errbuf_createf    000000018000dff0 f   sfc_mex:sfc_mex.obj
 0001:0000d000       sf_mex_errbuf_createf      000000018000e000 f   sfc_mex:sfc_mex.obj
 0001:0000d030       sf_mex_v_errbuf_catf       000000018000e030 f   sfc_mex:sfc_mex.obj
 0001:0000d070       sf_mex_errbuf_catf         000000018000e070 f   sfc_mex:sfc_mex.obj
 0001:0000d0c0       sf_mex_errbuf_copy         000000018000e0c0 f   sfc_mex:sfc_mex.obj
 0001:0000d0d0       sf_mex_errbuf_clear        000000018000e0d0 f   sfc_mex:sfc_mex.obj
 0001:0000d0e0       sf_mex_errbuf_isempty      000000018000e0e0 f   sfc_mex:sfc_mex.obj
 0001:0000d1f0       sf_mex_set_error_status    000000018000e1f0 f   sfc_mex:sfc_mex.obj
 0001:0000d240       sf_mex_error_direct_call   000000018000e240 f   sfc_mex:sfc_mex.obj
 0001:0000d260       sf_mex_error_message_no_long_jump 000000018000e260 f   sfc_mex:sfc_mex.obj
 0001:0000d280       sf_mex_long_jump_on_error  000000018000e280 f   sfc_mex:sfc_mex.obj
 0001:0000d2b0       sf_mex_call_matlab         000000018000e2b0 f   sfc_mex:sfc_mex.obj
 0001:0000d3d0       sf_mex_check_builtin       000000018000e3d0 f   sfc_mex:sfc_mex.obj
 0001:0000d410       sf_mex_check_builtin_vs    000000018000e410 f   sfc_mex:sfc_mex.obj
 0001:0000d470       sf_mex_check_enum          000000018000e470 f   sfc_mex:sfc_mex.obj
 0001:0000d4a0       sf_mex_create_enum         000000018000e4a0 f   sfc_mex:sfc_mex.obj
 0001:0000d4c0       sf_mex_get_enum_element    000000018000e4c0 f   sfc_mex:sfc_mex.obj
 0001:0000d4d0       sf_mex_createcellarray     000000018000e4d0 f   sfc_mex:sfc_mex.obj
 0001:0000d4e0       sf_mex_setcell             000000018000e4e0 f   sfc_mex:sfc_mex.obj
 0001:0000d4f0       sf_mex_getcell             000000018000e4f0 f   sfc_mex:sfc_mex.obj
 0001:0000d500       sf_mex_dup                 000000018000e500 f   sfc_mex:sfc_mex.obj
 0001:0000d520       sf_mex_assign              000000018000e520 f   sfc_mex:sfc_mex.obj
 0001:0000d5a0       sf_mex_destroy             000000018000e5a0 f   sfc_mex:sfc_mex.obj
 0001:0000d5d0       mx_array_has_fi_type       000000018000e5d0 f   sfc_mex:sfc_mex.obj
 0001:0000d600       sf_mex_convert_from_fi     000000018000e600 f   sfc_mex:sfc_mex.obj
 0001:0000d6b0       sf_mex_convert_to_double   000000018000e6b0 f   sfc_mex:sfc_mex.obj
 0001:0000d7d0       sf_mex_import_fi_vs        000000018000e7d0 f   sfc_mex:sfc_mex.obj
 0001:0000d990       sf_matrix_matrix_index_ok  000000018000e990 f   sfc_mex:sfc_mex.obj
 0001:0000da20       sf_vector_vector_index_ok  000000018000ea20 f   sfc_mex:sfc_mex.obj
 0001:0000da50       ssGetCurrentInputPortDimensions_wrapper 000000018000ea50 f   sfc_mex:sfc_mex.obj
 0001:0000da70       ssGetCurrentOutputPortDimensions_wrapper 000000018000ea70 f   sfc_mex:sfc_mex.obj
 0001:0000da90       sf_mex_emlrt_context_is_debug_mode 000000018000ea90 f   sfc_mex:sfc_mex.obj
 0001:0000daa0       sf_mex_emlrt_context_set_debug_mode 000000018000eaa0 f   sfc_mex:sfc_mex.obj
 0001:0000dab0       sf_mex_emlrtNameCapturePostProcessR2012a 000000018000eab0 f   sfc_mex:sfc_mex.obj
 0001:0000db20       sf_clear_error_manager_info 000000018000eb20 f   sfc_mex:sfc_mex.obj
 0001:0000db80       sf_mex_stop_simulation_abruptly_wo_error 000000018000eb80 f   sfc_mex:sfc_mex.obj
 0001:0000dbc0       sf_mex_error_message       000000018000ebc0 f   sfc_mex:sfc_mex.obj
 0001:0000dc20       sf_react_to_error_in_matlab_call 000000018000ec20 f   sfc_mex:sfc_mex.obj
 0001:0000dc50       sf_mex_addfield            000000018000ec50 f   sfc_mex:sfc_mex.obj
 0001:0000dcf0       sf_mex_getfield            000000018000ecf0 f   sfc_mex:sfc_mex.obj
 0001:0000dff0       sf_mex_check_class         000000018000eff0 f   sfc_mex:sfc_mex.obj
 0001:0000e090       sf_mex_is_real             000000018000f090 f   sfc_mex:sfc_mex.obj
 0001:0000e500       sf_mex_decode_encoded_mx_struct_array 000000018000f500 f   sfc_mex:sfc_mex.obj
 0001:0000e7e0       sf_mex_lw_bounds_check     000000018000f7e0 f   sfc_mex:sfc_mex.obj
 0001:0000e810       sf_mex_lw_size_eq_check_1d 000000018000f810 f   sfc_mex:sfc_mex.obj
 0001:0000e830       sf_mex_lw_size_eq_check_nd 000000018000f830 f   sfc_mex:sfc_mex.obj
 0001:0000ea10       sf_mex_lw_dim_size_eq_check 000000018000fa10 f   sfc_mex:sfc_mex.obj
 0001:0000ea40       sf_mex_lw_dim_size_geq_check 000000018000fa40 f   sfc_mex:sfc_mex.obj
 0001:0000ea70       sf_mex_lw_sub_assign_size_check_nd 000000018000fa70 f   sfc_mex:sfc_mex.obj
 0001:0000eca0       sf_mex_lw_runtime_error_msgid 000000018000fca0 f   sfc_mex:sfc_mex.obj
 0001:0000ed90       sf_mex_lw_matrix_matrix_index_check 000000018000fd90 f   sfc_mex:sfc_mex.obj
 0001:0000edb0       sf_mex_lw_vector_vector_index_check 000000018000fdb0 f   sfc_mex:sfc_mex.obj
 0001:0000edf0       sf_mex_lw_for_loop_vector_check 000000018000fdf0 f   sfc_mex:sfc_mex.obj
 0001:0000ee70       sf_mex_lw_non_negative_check 000000018000fe70 f   sfc_mex:sfc_mex.obj
 0001:0000eeb0       sf_mex_overflow_error      000000018000feb0 f   sfc_mex:sfc_mex.obj
 0001:0000eec0       sf_mex_dividebyzero_error  000000018000fec0 f   sfc_mex:sfc_mex.obj
 0001:0000eed0       sf_mex_unsafe_enum_error   000000018000fed0 f   sfc_mex:sfc_mex.obj
 0001:0000eee0       sf_emlrtErrHandler         000000018000fee0 f   sfc_mex:sfc_mex.obj
 0001:0000efc0       sf_mex_size_one_check      000000018000ffc0 f   sfc_mex:sfc_mex.obj
 0001:0000efe0       sf_mex_printf              000000018000ffe0 f   sfc_mex:sfc_mex.obj
 0001:0000f1b0       sf_mex_check_size          00000001800101b0 f   sfc_mex:sfc_mex.obj
 0001:0000f480       sf_mex_check_struct        0000000180010480 f   sfc_mex:sfc_mex.obj
 0001:0000f6e0       sf_mex_check_struct_vs     00000001800106e0 f   sfc_mex:sfc_mex.obj
 0001:0000f770       sf_mex_check_fi            0000000180010770 f   sfc_mex:sfc_mex.obj
 0001:0000f870       sf_mex_check_fi_vs         0000000180010870 f   sfc_mex:sfc_mex.obj
 0001:0000f910       sf_echo_expression         0000000180010910 f   sfc_mex:sfc_mex.obj
 0001:0000f970       sf_assertion_failed        0000000180010970 f   sfc_mex:sfc_mex.obj
 0001:0000fc50       sf_mex_evalin              0000000180010c50 f   sfc_mex:sfc_mex.obj
 0001:0000fec0       sf_mex_export              0000000180010ec0 f   sfc_mex:sfc_mex.obj
 0001:0000ff80       sf_mex_get_ml_var_no_error 0000000180010f80 f   sfc_mex:sfc_mex.obj
 0001:00010120       sf_mex_get_ml_var          0000000180011120 f   sfc_mex:sfc_mex.obj
 0001:000105c0       ml_set_element_value_in_array 00000001800115c0 f   sfc_mex:sfc_mex.obj
 0001:00011c90       sf_mex_call_impl           0000000180012c90 f   sfc_mex:sfc_mex.obj
 0001:000121c0       sf_mex_call_debug          00000001800131c0 f   sfc_mex:sfc_mex.obj
 0001:000121f0       sf_mex_call                00000001800131f0 f   sfc_mex:sfc_mex.obj
 0001:00012840       sf_mex_createstruct        0000000180013840 f   sfc_mex:sfc_mex.obj
 0001:00012930       sf_mex_createstructarray   0000000180013930 f   sfc_mex:sfc_mex.obj
 0001:000129b0       sf_mex_get_mx_datatype_from_sf_datatype 00000001800139b0 f   sfc_mex:sfc_mex.obj
 0001:00012cc0       sf_mex_ml_var_sub          0000000180013cc0 f   sfc_mex:sfc_mex.obj
 0001:00012e90       sf_mex_ml_var_subsasgn     0000000180013e90 f   sfc_mex:sfc_mex.obj
 0001:00013280       sf_mex_sub                 0000000180014280 f   sfc_mex:sfc_mex.obj
 0001:00013480       sf_mex_subsasgn            0000000180014480 f   sfc_mex:sfc_mex.obj
 0001:00013960       sf_mex_create              0000000180014960 f   sfc_mex:sfc_mex.obj
 0001:000143b0       sf_mex_import_named        00000001800153b0 f   sfc_mex:sfc_mex.obj
 0001:00014410       sf_mex_import              0000000180015410 f   sfc_mex:sfc_mex.obj
 0001:00014460       sf_mex_import_vs           0000000180015460 f   sfc_mex:sfc_mex.obj
 0001:00014570       sf_mex_lower_fixpt_mx_array 0000000180015570 f   sfc_mex:sfc_mex.obj
 0001:00014860       sf_send_message_wrapper    0000000180015860 f   sfc_mex:sfc_sf.obj
 0001:00014890       sf_receive_message_wrapper 0000000180015890 f   sfc_mex:sfc_sf.obj
 0001:000148d0       sf_check_out_message_wrapper 00000001800158d0 f   sfc_mex:sfc_sf.obj
 0001:00014910       sf_check_in_message_wrapper 0000000180015910 f   sfc_mex:sfc_sf.obj
 0001:00014950       sf_no_message_wrapper      0000000180015950 f   sfc_mex:sfc_sf.obj
 0001:00014ce0       sim_mode_is_rtw_gen        0000000180015ce0 f   sfc_mex:sfc_sf.obj
 0001:00014d10       sim_mode_is_external       0000000180015d10 f   sfc_mex:sfc_sf.obj
 0001:00014d20       sim_mode_is_modelref_sim   0000000180015d20 f   sfc_mex:sfc_sf.obj
 0001:00014d40       mdlInitializeSizes         0000000180015d40 f   sfc_mex:sfc_sf.obj
 0001:00014d60       mdlInitializeSampleTimes   0000000180015d60 f   sfc_mex:sfc_sf.obj
 0001:00014da0       mdlZeroCrossings           0000000180015da0 f   sfc_mex:sfc_sf.obj
 0001:00014e80       mdlDerivatives             0000000180015e80 f   sfc_mex:sfc_sf.obj
 0001:00014f30       mdl_initialize_conditions_processing 0000000180015f30 f   sfc_mex:sfc_sf.obj
 0001:00014f60       mdlInitializeConditions    0000000180015f60 f   sfc_mex:sfc_sf.obj
 0001:00015020       mdlGetSimState             0000000180016020 f   sfc_mex:sfc_sf.obj
 0001:00015030       mdlSetSimState             0000000180016030 f   sfc_mex:sfc_sf.obj
 0001:00015040       mdl_ext_mode_exec_processing 0000000180016040 f   sfc_mex:sfc_sf.obj
 0001:00015060       mdlExtModeExec             0000000180016060 f   sfc_mex:sfc_sf.obj
 0001:000151f0       mdlTerminate               00000001800161f0 f   sfc_mex:sfc_sf.obj
 0001:00015260       mdlRTW                     0000000180016260 f   sfc_mex:sfc_sf.obj
 0001:00015290       mdlSetWorkWidths           0000000180016290 f   sfc_mex:sfc_sf.obj
 0001:000152a0       mdlProcessParameters       00000001800162a0 f   sfc_mex:sfc_sf.obj
 0001:000152b0       mdl_start_processing       00000001800162b0 f   sfc_mex:sfc_sf.obj
 0001:000152f0       mdlStart                   00000001800162f0 f   sfc_mex:sfc_sf.obj
 0001:000153e0       mdlEnable                  00000001800163e0 f   sfc_mex:sfc_sf.obj
 0001:000154b0       mdlDisable                 00000001800164b0 f   sfc_mex:sfc_sf.obj
 0001:00015560       sf_get_chart_instance_ptr  0000000180016560 f   sfc_mex:sfc_sf.obj
 0001:00015580       sf_load_rtw_optimization_info 0000000180016580 f   sfc_mex:sfc_sf.obj
 0001:00015650       sf_rtw_info_uint_prop      0000000180016650 f   sfc_mex:sfc_sf.obj
 0001:00015790       sf_is_chart_inlinable      0000000180016790 f   sfc_mex:sfc_sf.obj
 0001:000157b0       sf_mark_output_events_with_multiple_callers 00000001800167b0 f   sfc_mex:sfc_sf.obj
 0001:00015940       sf_mark_chart_reusable_outputs 0000000180016940 f   sfc_mex:sfc_sf.obj
 0001:00015ba0       sf_mark_chart_expressionable_inputs 0000000180016ba0 f   sfc_mex:sfc_sf.obj
 0001:00015e00       sf_get_subchart_simstruct  0000000180016e00 f   sfc_mex:sfc_sf.obj
 0001:00015e50       sf_get_fixpt_data_type_id  0000000180016e50 f   sfc_mex:sfc_sf.obj
 0001:00015e90       sf_get_enum_data_type_id   0000000180016e90 f   sfc_mex:sfc_sf.obj
 0001:00015ed0       sf_get_param_data_type_id  0000000180016ed0 f   sfc_mex:sfc_sf.obj
 0001:00015f00       sf_mex_listen_for_ctrl_c_force 0000000180016f00 f   sfc_mex:sfc_sf.obj
 0001:00016010       sf_mex_draw_now            0000000180017010 f   sfc_mex:sfc_sf.obj
 0001:00016050       sf_mex_set_debugger_sim_status_listener_fcn 0000000180017050 f   sfc_mex:sfc_sf.obj
 0001:00016060       sf_mex_listen_for_ctrl_c   0000000180017060 f   sfc_mex:sfc_sf.obj
 0001:000160f0       sf_mex_get_sfun_param      00000001800170f0 f   sfc_mex:sfc_sf.obj
 0001:00016140       sf_get_runtime_param_data  0000000180017140 f   sfc_mex:sfc_sf.obj
 0001:00016180       sf_call_output_fcn_call    0000000180017180 f   sfc_mex:sfc_sf.obj
 0001:000162c0       sf_call_output_fcn_enable  00000001800172c0 f   sfc_mex:sfc_sf.obj
 0001:00016350       sf_call_output_fcn_disable 0000000180017350 f   sfc_mex:sfc_sf.obj
 0001:000163e0       sf_clear_rtw_identifier    00000001800173e0 f   sfc_mex:sfc_sf.obj
 0001:00016bd0       sf_set_encoded_dwork_info  0000000180017bd0 f   sfc_mex:sfc_sf.obj
 0001:00016c20       sf_get_dwork_info_from_mat_file 0000000180017c20 f   sfc_mex:sfc_sf.obj
 0001:00016de0       sf_set_rtw_dwork_info      0000000180017de0 f   sfc_mex:sfc_sf.obj
 0001:00016f50       mdlOutputs                 0000000180017f50 f   sfc_mex:sfc_sf.obj
 0001:000170f0       sf_debug_disp              00000001800180f0 f   sfc_debug:sfcdebug.obj
 0001:00017350       sf_debug_data_runtime_size_mismatch_error_check 0000000180018350 f   sfc_debug:sfcdebug.obj
 0001:000173f0       sf_debug_try_loading_machine 00000001800183f0 f   sfc_debug:sfcdebug.obj
 0001:000174f0       sf_debug_reset_current_state_configuration 00000001800184f0 f   sfc_debug:sfcdebug.obj
 0001:00017580       sf_debug_store_current_state_configuration 0000000180018580 f   sfc_debug:sfcdebug.obj
 0001:00017610       sf_debug_restore_previous_state_configuration 0000000180018610 f   sfc_debug:sfcdebug.obj
 0001:000176a0       sf_debug_restore_previous_state_configuration2 00000001800186a0 f   sfc_debug:sfcdebug.obj
 0001:00017730       sf_debug_get_event_scope   0000000180018730 f   sfc_debug:sfcdebug.obj
 0001:000178a0       use_debugger_step_animation 00000001800188a0 f   sfc_debug:sfcdebug.obj
 0001:000178c0       sf_debug_get_script_id     00000001800188c0 f   sfc_debug:sfcdebug.obj
 0001:00017950       sf_debug_set_script_translation 0000000180018950 f   sfc_debug:sfcdebug.obj
 0001:00017ad0       sf_debug_extract_message_post_receive_info 0000000180018ad0 f   sfc_debug:sfcdebug.obj
 0001:00017bd0       sf_debug_get_current_machine_id 0000000180018bd0 f   sfc_debug:sfcdebug.obj
 0001:00017bf0       sf_debug_get_current_optional_integer 0000000180018bf0 f   sfc_debug:sfcdebug.obj
 0001:00017c00       sf_debug_get_current_machine_number 0000000180018c00 f   sfc_debug:sfcdebug.obj
 0001:00017c20       sf_debug_get_current_machine_name 0000000180018c20 f   sfc_debug:sfcdebug.obj
 0001:00017c40       sf_debug_get_current_chart_id 0000000180018c40 f   sfc_debug:sfcdebug.obj
 0001:00017c90       sf_debug_get_current_chart_number 0000000180018c90 f   sfc_debug:sfcdebug.obj
 0001:00017ca0       sf_debug_get_current_instance_number 0000000180018ca0 f   sfc_debug:sfcdebug.obj
 0001:00017cb0       sf_debug_get_current_is_minor_time_step 0000000180018cb0 f   sfc_debug:sfcdebug.obj
 0001:00017d30       sf_debug_get_current_object_type 0000000180018d30 f   sfc_debug:sfcdebug.obj
 0001:00017d40       sf_debug_get_current_instance_handle 0000000180018d40 f   sfc_debug:sfcdebug.obj
 0001:00017da0       sf_debug_get_current_event_type 0000000180018da0 f   sfc_debug:sfcdebug.obj
 0001:00017db0       sf_debug_get_current_object_id 0000000180018db0 f   sfc_debug:sfcdebug.obj
 0001:00017df0       sf_debug_get_current_active_event_type 0000000180018df0 f   sfc_debug:sfcdebug.obj
 0001:00017e00       sf_debug_get_current_active_event_id 0000000180018e00 f   sfc_debug:sfcdebug.obj
 0001:00017e40       sf_debug_get_current_tag_type 0000000180018e40 f   sfc_debug:sfcdebug.obj
 0001:00017e50       sf_debug_get_current_simulation_time 0000000180018e50 f   sfc_debug:sfcdebug.obj
 0001:00017e60       sf_debug_get_current_coverage_percentage 0000000180018e60 f   sfc_debug:sfcdebug.obj
 0001:00017e70       sf_debug_current_statement_context 0000000180018e70 f   sfc_debug:sfcdebug.obj
 0001:00017f00       sf_debug_get_current_statement_info 0000000180018f00 f   sfc_debug:sfcdebug.obj
 0001:00018080       sf_debug_terminate_instance 0000000180019080 f   sfc_debug:sfcdebug.obj
 0001:000183c0       sf_debug_assertion_failed  00000001800193c0 f   sfc_debug:sfcdebug.obj
 0001:00018570       sf_debug_set_number_of_data_with_change_event_for_machine 0000000180019570 f   sfc_debug:sfcdebug.obj
 0001:000185b0       sf_debug_set_machine_event_thresholds 00000001800195b0 f   sfc_debug:sfcdebug.obj
 0001:000185d0       sf_debug_set_machine_event_scope 00000001800195d0 f   sfc_debug:sfcdebug.obj
 0001:00018610       sf_debug_set_machine_data_thresholds 0000000180019610 f   sfc_debug:sfcdebug.obj
 0001:00018650       sf_debug_set_machine_data_scope 0000000180019650 f   sfc_debug:sfcdebug.obj
 0001:000186e0       sf_debug_set_machine_data_name 00000001800196e0 f   sfc_debug:sfcdebug.obj
 0001:00018780       sf_debug_set_machine_data_size 0000000180019780 f   sfc_debug:sfcdebug.obj
 0001:000188c0       sf_debug_set_machine_data_type 00000001800198c0 f   sfc_debug:sfcdebug.obj
 0001:00018a30       sf_debug_get_chart_data_number 0000000180019a30 f   sfc_debug:sfcdebug.obj
 0001:00018a50       sf_debug_get_chart_event_number 0000000180019a50 f   sfc_debug:sfcdebug.obj
 0001:00018a70       sf_debug_set_chart_state_info 0000000180019a70 f   sfc_debug:sfcdebug.obj
 0001:00018af0       sf_debug_set_chart_decomposition 0000000180019af0 f   sfc_debug:sfcdebug.obj
 0001:00018b60       sf_debug_set_chart_substate_count 0000000180019b60 f   sfc_debug:sfcdebug.obj
 0001:00018c40       sf_debug_set_chart_substate_index 0000000180019c40 f   sfc_debug:sfcdebug.obj
 0001:00018cb0       sf_debug_set_chart_state_substate_count 0000000180019cb0 f   sfc_debug:sfcdebug.obj
 0001:00018dc0       sf_debug_set_chart_state_substate_index 0000000180019dc0 f   sfc_debug:sfcdebug.obj
 0001:00018e40       sf_debug_set_number_of_data_with_change_event_for_chart 0000000180019e40 f   sfc_debug:sfcdebug.obj
 0001:00018ec0       sf_debug_set_number_of_states_with_entry_event_for_chart 0000000180019ec0 f   sfc_debug:sfcdebug.obj
 0001:00018f30       sf_debug_set_number_of_states_with_exit_event_for_chart 0000000180019f30 f   sfc_debug:sfcdebug.obj
 0001:00018fa0       sf_debug_set_chart_disable_implicit_casting 0000000180019fa0 f   sfc_debug:sfcdebug.obj
 0001:00019010       sf_debug_set_chart_event_thresholds 000000018001a010 f   sfc_debug:sfcdebug.obj
 0001:00019080       sf_debug_set_chart_data_compiled_props 000000018001a080 f   sfc_debug:sfcdebug.obj
 0001:000193d0       sf_debug_set_chart_data_props 000000018001a3d0 f   sfc_debug:sfcdebug.obj
 0001:000196f0       sf_debug_check_fi_license  000000018001a6f0 f   sfc_debug:sfcdebug.obj
 0001:000198e0       sf_debug_symbol_scope_push 000000018001a8e0 f   sfc_debug:sfcdebug.obj
 0001:00019920       sf_debug_symbol_scope_push_eml 000000018001a920 f   sfc_debug:sfcdebug.obj
 0001:00019970       sf_debug_symbol_scope_pop  000000018001a970 f   sfc_debug:sfcdebug.obj
 0001:000199b0       sf_debug_symbol_scope_add_importable 000000018001a9b0 f   sfc_debug:sfcdebug.obj
 0001:00019a30       sf_debug_symbol_scope_add  000000018001aa30 f   sfc_debug:sfcdebug.obj
 0001:00019ab0       sf_debug_symbol_scope_add_dyn_importable 000000018001aab0 f   sfc_debug:sfcdebug.obj
 0001:00019b70       sf_debug_symbol_scope_add_dyn 000000018001ab70 f   sfc_debug:sfcdebug.obj
 0001:00019ba0       sf_debug_symbol_scope_add_eml_importable 000000018001aba0 f   sfc_debug:sfcdebug.obj
 0001:00019be0       sf_debug_symbol_scope_add_eml 000000018001abe0 f   sfc_debug:sfcdebug.obj
 0001:00019c20       sf_debug_symbol_scope_add_eml_dyn_importable 000000018001ac20 f   sfc_debug:sfcdebug.obj
 0001:00019c90       sf_debug_symbol_scope_add_eml_dyn 000000018001ac90 f   sfc_debug:sfcdebug.obj
 0001:00019cf0       sf_debug_symbol_switch     000000018001acf0 f   sfc_debug:sfcdebug.obj
 0001:00019d10       sf_debug_symbol_scope_add_verbose 000000018001ad10 f   sfc_debug:sfcdebug.obj
 0001:00019de0       sf_debug_set_machine_data_value_ptr 000000018001ade0 f   sfc_debug:sfcdebug.obj
 0001:00019e20       sf_debug_set_instance_data_value_ptr 000000018001ae20 f   sfc_debug:sfcdebug.obj
 0001:00019ee0       sf_debug_unset_instance_data_value_ptr 000000018001aee0 f   sfc_debug:sfcdebug.obj
 0001:00019f90       sf_debug_set_chart_event_scope 000000018001af90 f   sfc_debug:sfcdebug.obj
 0001:0001a010       sf_debug_set_chart_transition_coverage_maps 000000018001b010 f   sfc_debug:sfcdebug.obj
 0001:0001a120       sf_debug_set_chart_state_coverage_maps 000000018001b120 f   sfc_debug:sfcdebug.obj
 0001:0001a200       sf_debug_set_instance_transition_coverage_weights 000000018001b200 f   sfc_debug:sfcdebug.obj
 0001:0001a2a0       sf_debug_set_instance_state_coverage_weights 000000018001b2a0 f   sfc_debug:sfcdebug.obj
 0001:0001a4f0       sf_debug_unload_machine    000000018001b4f0 f   sfc_debug:sfcdebug.obj
 0001:0001a540       sf_debug_load_machine      000000018001b540 f   sfc_debug:sfcdebug.obj
 0001:0001a640       sf_debug_set_active_instance_in_data_dictionary 000000018001b640 f   sfc_debug:sfcdebug.obj
 0001:0001a820       sf_debug_set_active_instance 000000018001b820 f   sfc_debug:sfcdebug.obj
 0001:0001a960       sf_debug_chart_visiblity_change 000000018001b960 f   sfc_debug:sfcdebug.obj
 0001:0001aa40       sf_debug_select_chart      000000018001ba40 f   sfc_debug:sfcdebug.obj
 0001:0001ab10       sf_debug_set_instance_cv_ids 000000018001bb10 f   sfc_debug:sfcdebug.obj
 0001:0001ae20       sf_debug_select_charts     000000018001be20 f   sfc_debug:sfcdebug.obj
 0001:0001af60       sf_debug_initialized       000000018001bf60 f   sfc_debug:sfcdebug.obj
 0001:0001af70       sf_debug_is_uninterruptible 000000018001bf70 f   sfc_debug:sfcdebug.obj
 0001:0001afa0       sf_debug_initialize_debugger_gui 000000018001bfa0 f   sfc_debug:sfcdebug.obj
 0001:0001b390       sf_debug_resume            000000018001c390 f   sfc_debug:sfcdebug.obj
 0001:0001b3b0       sf_debug_go                000000018001c3b0 f   sfc_debug:sfcdebug.obj
 0001:0001b3c0       sf_debug_break             000000018001c3c0 f   sfc_debug:sfcdebug.obj
 0001:0001b3d0       sf_debug_step_over         000000018001c3d0 f   sfc_debug:sfcdebug.obj
 0001:0001b3e0       sf_debug_step_out          000000018001c3e0 f   sfc_debug:sfcdebug.obj
 0001:0001b3f0       sf_debug_set_disable_all_breakpoints 000000018001c3f0 f   sfc_debug:sfcdebug.obj
 0001:0001b400       sf_debug_disable_all_breakpoints_and_go 000000018001c400 f   sfc_debug:sfcdebug.obj
 0001:0001b410       sf_debug_break_on_chart_entry 000000018001c410 f   sfc_debug:sfcdebug.obj
 0001:0001b420       sf_debug_break_on_event_broadcast 000000018001c420 f   sfc_debug:sfcdebug.obj
 0001:0001b430       sf_debug_break_on_state_entry 000000018001c430 f   sfc_debug:sfcdebug.obj
 0001:0001b440       sf_debug_break_between_times 000000018001c440 f   sfc_debug:sfcdebug.obj
 0001:0001b460       sf_debug_browse_data       000000018001c460 f   sfc_debug:sfcdebug.obj
 0001:0001b480       sf_debug_watch_data        000000018001c480 f   sfc_debug:sfcdebug.obj
 0001:0001b4a0       sf_debug_assign_data       000000018001c4a0 f   sfc_debug:sfcdebug.obj
 0001:0001b4c0       sf_debug_whos              000000018001c4c0 f   sfc_debug:sfcdebug.obj
 0001:0001b4e0       sf_debug_get_consistency_info 000000018001c4e0 f   sfc_debug:sfcdebug.obj
 0001:0001b4f0       sf_debug_browse_trace      000000018001c4f0 f   sfc_debug:sfcdebug.obj
 0001:0001b500       sf_debug_set_breakpoints   000000018001c500 f   sfc_debug:sfcdebug.obj
 0001:0001b660       sf_debug_set_eml_breakpoints 000000018001c660 f   sfc_debug:sfcdebug.obj
 0001:0001b7c0       sf_debug_set_script_breakpoints 000000018001c7c0 f   sfc_debug:sfcdebug.obj
 0001:0001b840       sf_debug_add_script_breakpoints 000000018001c840 f   sfc_debug:sfcdebug.obj
 0001:0001b8b0       sf_debug_clear_script_breakpoints 000000018001c8b0 f   sfc_debug:sfcdebug.obj
 0001:0001b920       sf_debug_query_script_breakpoints 000000018001c920 f   sfc_debug:sfcdebug.obj
 0001:0001b9e0       sf_debug_get_eml_script_id 000000018001c9e0 f   sfc_debug:sfcdebug.obj
 0001:0001ba30       sf_debug_set_watch         000000018001ca30 f   sfc_debug:sfcdebug.obj
 0001:0001bc60       sf_debug_get_instance_handle 000000018001cc60 f   sfc_debug:sfcdebug.obj
 0001:0001bcf0       sf_debug_get_active_states 000000018001ccf0 f   sfc_debug:sfcdebug.obj
 0001:0001bd00       sf_debug_get_animation     000000018001cd00 f   sfc_debug:sfcdebug.obj
 0001:0001bd10       sf_debug_set_animation     000000018001cd10 f   sfc_debug:sfcdebug.obj
 0001:0001bd20       sf_debug_animate           000000018001cd20 f   sfc_debug:sfcdebug.obj
 0001:0001bd50       sf_debug_cycle_detection_check 000000018001cd50 f   sfc_debug:sfcdebug.obj
 0001:0001bd60       sf_debug_data_range_check  000000018001cd60 f   sfc_debug:sfcdebug.obj
 0001:0001bd70       sf_debug_transition_conflict_check 000000018001cd70 f   sfc_debug:sfcdebug.obj
 0001:0001bd80       sf_debug_state_consistency_check 000000018001cd80 f   sfc_debug:sfcdebug.obj
 0001:0001bd90       sf_debug_data_range_check_enabled 000000018001cd90 f   sfc_debug:sfcdebug.obj
 0001:0001bdb0       sf_debug_transition_conflict_check_enabled 000000018001cdb0 f   sfc_debug:sfcdebug.obj
 0001:0001bdd0       sf_debug_transition_conflict_check_begin 000000018001cdd0 f   sfc_debug:sfcdebug.obj
 0001:0001bdf0       sf_debug_transition_conflict_check_end 000000018001cdf0 f   sfc_debug:sfcdebug.obj
 0001:0001be10       sf_debug_stop_debugging    000000018001ce10 f   sfc_debug:sfcdebug.obj
 0001:0001be40       sf_debug_is_cycle_detected 000000018001ce40 f   sfc_debug:sfcdebug.obj
 0001:0001be50       sf_debug_is_array_bounds_detected 000000018001ce50 f   sfc_debug:sfcdebug.obj
 0001:0001be60       sf_debug_get_state_vectors_data_size 000000018001ce60 f   sfc_debug:sfcdebug.obj
 0001:0001bea0       sf_debug_get_state_vectors_data 000000018001cea0 f   sfc_debug:sfcdebug.obj
 0001:0001bfa0       sf_debug_set_state_vectors_data 000000018001cfa0 f   sfc_debug:sfcdebug.obj
 0001:0001c260       sf_debug_get_script_index  000000018001d260 f   sfc_debug:sfcdebug.obj
 0001:0001c3f0       sf_debug_add_script        000000018001d3f0 f   sfc_debug:sfcdebug.obj
 0001:0001c580       cv_eval_point              000000018001d580 f   sfc_debug:sfcdebug.obj
 0001:0001c6f0       cv_eval_testobjective      000000018001d6f0 f   sfc_debug:sfcdebug.obj
 0001:0001c810       sf_debug_cv_init_state     000000018001d810 f   sfc_debug:sfcdebug.obj
 0001:0001c930       sf_debug_cv_init_chart     000000018001d930 f   sfc_debug:sfcdebug.obj
 0001:0001ca10       sf_debug_cv_init_trans     000000018001da10 f   sfc_debug:sfcdebug.obj
 0001:0001cb10       sf_debug_cv_init_testobjectives 000000018001db10 f   sfc_debug:sfcdebug.obj
 0001:0001ccf0       cv_eml_init_script         000000018001dcf0 f   sfc_debug:sfcdebug.obj
 0001:0001cdf0       cv_eml_init_fcn            000000018001ddf0 f   sfc_debug:sfcdebug.obj
 0001:0001cea0       cv_eml_init_testobjective  000000018001dea0 f   sfc_debug:sfcdebug.obj
 0001:0001cf70       cv_eml_init_if             000000018001df70 f   sfc_debug:sfcdebug.obj
 0001:0001d040       cv_eml_init_for            000000018001e040 f   sfc_debug:sfcdebug.obj
 0001:0001d100       cv_eml_init_while          000000018001e100 f   sfc_debug:sfcdebug.obj
 0001:0001d1c0       cv_eml_init_mcdc           000000018001e1c0 f   sfc_debug:sfcdebug.obj
 0001:0001d2d0       cv_eml_init_switch         000000018001e2d0 f   sfc_debug:sfcdebug.obj
 0001:0001d3c0       cv_eml_eval                000000018001e3c0 f   sfc_debug:sfcdebug.obj
 0001:0001d4a0       sf_debug_bm_is_a_eml_breakpoint 000000018001e4a0 f   sfc_debug:sfcdebug.obj
 0001:0001d5f0       sf_debug_temporal_threshold 000000018001e5f0 f   sfc_debug:sfcdebug.obj
 0001:0001d950       sf_debug_transition_conflict_error 000000018001e950 f   sfc_debug:sfcdebug.obj
 0001:0001dcd0       sf_debug_state_inconsistency_error 000000018001ecd0 f   sfc_debug:sfcdebug.obj
 0001:0001ddf0       sf_debug_check_for_state_inconsistency 000000018001edf0 f   sfc_debug:sfcdebug.obj
 0001:0001de20       sf_debug_cycle_detecton_error 000000018001ee20 f   sfc_debug:sfcdebug.obj
 0001:0001e610       sf_debug_size_eq_check_1d  000000018001f610 f   sfc_debug:sfcdebug.obj
 0001:0001e630       sf_debug_size_eq_check_nd  000000018001f630 f   sfc_debug:sfcdebug.obj
 0001:0001e810       sf_debug_dim_size_eq_check 000000018001f810 f   sfc_debug:sfcdebug.obj
 0001:0001e840       sf_debug_dim_size_geq_check 000000018001f840 f   sfc_debug:sfcdebug.obj
 0001:0001e870       sf_debug_sub_assign_size_check_nd 000000018001f870 f   sfc_debug:sfcdebug.obj
 0001:0001eab0       sf_debug_matrix_matrix_index_check 000000018001fab0 f   sfc_debug:sfcdebug.obj
 0001:0001eae0       sf_debug_vector_vector_index_check 000000018001fae0 f   sfc_debug:sfcdebug.obj
 0001:0001eb10       sf_debug_for_loop_vector_check 000000018001fb10 f   sfc_debug:sfcdebug.obj
 0001:0001eb90       sf_debug_runtime_error_msgid 000000018001fb90 f   sfc_debug:sfcdebug.obj
 0001:0001ec20       sf_debug_data_array_bounds_error_check 000000018001fc20 f   sfc_debug:sfcdebug.obj
 0001:0001ed30       sf_debug_eml_data_array_bounds_error_check 000000018001fd30 f   sfc_debug:sfcdebug.obj
 0001:0001f210       sf_debug_integer_check     0000000180020210 f   sfc_debug:sfcdebug.obj
 0001:0001f2f0       sf_debug_not_nan_check     00000001800202f0 f   sfc_debug:sfcdebug.obj
 0001:0001f3b0       sf_debug_non_negative_check 00000001800203b0 f   sfc_debug:sfcdebug.obj
 0001:0001f470       sf_debug_overflow_detection 0000000180020470 f   sfc_debug:sfcdebug.obj
 0001:0001fb60       sf_debug_cast_to_real32_T  0000000180020b60 f   sfc_debug:sfcdebug.obj
 0001:0001fc20       sf_debug_cast_to_int8_T    0000000180020c20 f   sfc_debug:sfcdebug.obj
 0001:0001fce0       sf_debug_cast_to_uint8_T   0000000180020ce0 f   sfc_debug:sfcdebug.obj
 0001:0001fda0       sf_debug_cast_to_int16_T   0000000180020da0 f   sfc_debug:sfcdebug.obj
 0001:0001fe60       sf_debug_cast_to_uint16_T  0000000180020e60 f   sfc_debug:sfcdebug.obj
 0001:0001ff20       sf_debug_cast_to_int32_T   0000000180020f20 f   sfc_debug:sfcdebug.obj
 0001:0001ffe0       sf_debug_cast_to_uint32_T  0000000180020fe0 f   sfc_debug:sfcdebug.obj
 0001:000200a0       sf_debug_data_range_error  00000001800210a0 f   sfc_debug:sfcdebug.obj
 0001:000203f0       sf_debug_read_before_write_check 00000001800213f0 f   sfc_debug:sfcdebug.obj
 0001:000207e0       sf_debug_data_range_error_wrapper_min_max 00000001800217e0 f   sfc_debug:sfcdebug.obj
 0001:000208d0       sf_debug_data_range_error_wrapper_min 00000001800218d0 f   sfc_debug:sfcdebug.obj
 0001:000209b0       sf_debug_data_range_error_wrapper_max 00000001800219b0 f   sfc_debug:sfcdebug.obj
 0001:00020a90       sf_debug_data_range_wrapper 0000000180021a90 f   sfc_debug:sfcdebug.obj
 0001:00020b40       sf_debug_set_current_status_info 0000000180021b40 f   sfc_debug:sfcdebug.obj
 0001:00020ef0       sf_debug_register_message_post_receive_info 0000000180021ef0 f   sfc_debug:sfcdebug.obj
 0001:00021160       sf_debug_call              0000000180022160 f   sfc_debug:sfcdebug.obj
 0001:00022020       sf_debug_initialize_machine 0000000180023020 f   sfc_debug:sfcdebug.obj
 0001:00022330       sf_debug_initialize_chart  0000000180023330 f   sfc_debug:sfcdebug.obj
 0001:00022810       sf_debug_ensure_script     0000000180023810 f   sfc_debug:sfcdebug.obj
 0001:000228d0       cv_script_init_script      00000001800238d0 f   sfc_debug:sfcdebug.obj
 0001:000229b0       cv_script_init_fcn         00000001800239b0 f   sfc_debug:sfcdebug.obj
 0001:00022a60       cv_script_init_testobjective 0000000180023a60 f   sfc_debug:sfcdebug.obj
 0001:00022b10       cv_script_init_if          0000000180023b10 f   sfc_debug:sfcdebug.obj
 0001:00022bc0       cv_script_init_for         0000000180023bc0 f   sfc_debug:sfcdebug.obj
 0001:00022c70       cv_script_init_while       0000000180023c70 f   sfc_debug:sfcdebug.obj
 0001:00022d20       cv_script_init_mcdc        0000000180023d20 f   sfc_debug:sfcdebug.obj
 0001:00022e20       cv_script_init_switch      0000000180023e20 f   sfc_debug:sfcdebug.obj
 0001:00022f00       cv_script_eval             0000000180023f00 f   sfc_debug:sfcdebug.obj
 0001:00022fe0       eml_debug_line_call        0000000180023fe0 f   sfc_debug:sfcdebug.obj
 0001:00023190       sf_debug_terminate         0000000180024190 f   sfc_debug:sfcdebug.obj
 0001:00023300       sf_debug_set_script_cv_ids 0000000180024300 f   sfc_debug:sfcdebug.obj
 0001:00023430       sf_debug_api               0000000180024430 f   sfc_debug:sfc_api.obj
 0001:00024c10       sf_debug_sm_terminate      0000000180025c10 f   sfc_debug:sfdb_animation.obj
 0001:00024dd0       sf_debug_reset_path_objects 0000000180025dd0 f   sfc_debug:sfdb_animation.obj
 0001:00024e50       sf_debug_sm_reset_object_selection_status 0000000180025e50 f   sfc_debug:sfdb_animation.obj
 0001:00024ef0       sf_debug_sm_reset_state_buffer 0000000180025ef0 f   sfc_debug:sfdb_animation.obj
 0001:00024fc0       sf_debug_sm_store_state_buffer 0000000180025fc0 f   sfc_debug:sfdb_animation.obj
 0001:00025040       sf_debug_sm_restore_state_buffer1 0000000180026040 f   sfc_debug:sfdb_animation.obj
 0001:000250b0       sf_debug_sm_restore_state_buffer2 00000001800260b0 f   sfc_debug:sfdb_animation.obj
 0001:00025120       sf_debug_sm_chart_active   0000000180026120 f   sfc_debug:sfdb_animation.obj
 0001:00025170       sf_debug_sm_select_active_objects 0000000180026170 f   sfc_debug:sfdb_animation.obj
 0001:00025620       sf_debug_sm_is_chart_active 0000000180026620 f   sfc_debug:sfdb_animation.obj
 0001:00025660       sf_debug_sm_is_state_active 0000000180026660 f   sfc_debug:sfdb_animation.obj
 0001:000258a0       sf_debug_sm_get_active_states 00000001800268a0 f   sfc_debug:sfdb_animation.obj
 0001:00025e60       sf_debug_sm_initialize_instance 0000000180026e60 f   sfc_debug:sfdb_animation.obj
 0001:000260b0       sf_debug_sm_change_object_selection_status 00000001800270b0 f   sfc_debug:sfdb_animation.obj
 0001:000263a0       cv_create_interface        00000001800273a0 f   sfc_debug:cv_sfinterface.obj
 0001:00026700       cv_init_trans              0000000180027700 f   sfc_debug:cv_sfinterface.obj
 0001:00026750       cv_init_testobjective      0000000180027750 f   sfc_debug:cv_sfinterface.obj
 0001:00026790       cv_init_state              0000000180027790 f   sfc_debug:cv_sfinterface.obj
 0001:00026800       cv_init_chart              0000000180027800 f   sfc_debug:cv_sfinterface.obj
 0001:00026850       cv_dec_update_call         0000000180027850 f   sfc_debug:cv_sfinterface.obj
 0001:00026890       cv_cond_update_call        0000000180027890 f   sfc_debug:cv_sfinterface.obj
 0001:000268d0       cv_testobjective_update_call 00000001800278d0 f   sfc_debug:cv_sfinterface.obj
 0001:00026910       cv_sigrange_update         0000000180027910 f   sfc_debug:cv_sfinterface.obj
 0001:00026950       cvsf_eml_eval              0000000180027950 f   sfc_debug:cv_sfinterface.obj
 0001:00026a30       cvsf_eml_init_script       0000000180027a30 f   sfc_debug:cv_sfinterface.obj
 0001:00026ab0       cvsf_eml_init_fcn          0000000180027ab0 f   sfc_debug:cv_sfinterface.obj
 0001:00026b10       cvsf_eml_init_testobjective 0000000180027b10 f   sfc_debug:cv_sfinterface.obj
 0001:00026b70       cvsf_eml_init_if           0000000180027b70 f   sfc_debug:cv_sfinterface.obj
 0001:00026bd0       cvsf_eml_init_for          0000000180027bd0 f   sfc_debug:cv_sfinterface.obj
 0001:00026c20       cvsf_eml_init_while        0000000180027c20 f   sfc_debug:cv_sfinterface.obj
 0001:00026c70       cvsf_eml_init_mcdc         0000000180027c70 f   sfc_debug:cv_sfinterface.obj
 0001:00026d00       cvsf_eml_init_switch       0000000180027d00 f   sfc_debug:cv_sfinterface.obj
 0001:00026d70       cvsf_script_eval           0000000180027d70 f   sfc_debug:cv_sfinterface.obj
 0001:00026e50       cvsf_script_init_script    0000000180027e50 f   sfc_debug:cv_sfinterface.obj
 0001:00026ed0       cvsf_script_init_fcn       0000000180027ed0 f   sfc_debug:cv_sfinterface.obj
 0001:00026f30       cvsf_script_init_testobjective 0000000180027f30 f   sfc_debug:cv_sfinterface.obj
 0001:00026f90       cvsf_script_init_if        0000000180027f90 f   sfc_debug:cv_sfinterface.obj
 0001:00026ff0       cvsf_script_init_for       0000000180027ff0 f   sfc_debug:cv_sfinterface.obj
 0001:00027040       cvsf_script_init_while     0000000180028040 f   sfc_debug:cv_sfinterface.obj
 0001:00027090       cvsf_script_init_mcdc      0000000180028090 f   sfc_debug:cv_sfinterface.obj
 0001:00027120       cvsf_script_init_switch    0000000180028120 f   sfc_debug:cv_sfinterface.obj
 0001:00027190       cv_destroy_interface       0000000180028190 f   sfc_debug:cv_sfinterface.obj
 0001:000271b0       cv_create_instance_objects 00000001800281b0 f   sfc_debug:cv_sfinterface.obj
 0001:00027660       cv_is_enabled              0000000180028660 f   sfc_debug:cv_sfinterface.obj
 0001:00027670       sf_debug_cv_initialize_script 0000000180028670 f   sfc_debug:cv_sfinterface.obj
 0001:00027820       sf_debug_cv_initialize_instance 0000000180028820 f   sfc_debug:cv_sfinterface.obj
 0001:00027bc0       sf_debug_cv_terminate_chart 0000000180028bc0 f   sfc_debug:cv_sfinterface.obj
 0001:00027d00       cv_call_trans_test         0000000180028d00 f   sfc_debug:cv_sfinterface.obj
 0001:00027d10       cv_call_sub_cond_test      0000000180028d10 f   sfc_debug:cv_sfinterface.obj
 0001:00027d50       sf_debug_st_initialize_machine 0000000180028d50 f   sfc_debug:sfdb_data_browse.obj
 0001:00027e10       sf_debug_st_initialize_instance 0000000180028e10 f   sfc_debug:sfdb_data_browse.obj
 0001:00028040       sf_debug_st_terminate      0000000180029040 f   sfc_debug:sfdb_data_browse.obj
 0001:000283e0       sf_debug_st_set_data_value_ptr_in_machine 00000001800293e0 f   sfc_debug:sfdb_data_browse.obj
 0001:00028470       sf_debug_st_set_data_value_ptr_in_instance 0000000180029470 f   sfc_debug:sfdb_data_browse.obj
 0001:00028550       sf_debug_st_unset_data_value_ptr_in_machine 0000000180029550 f   sfc_debug:sfdb_data_browse.obj
 0001:000285c0       sf_debug_st_unset_data_value_ptr_in_instance 00000001800295c0 f   sfc_debug:sfdb_data_browse.obj
 0001:000288d0       sf_debug_mx_value          00000001800298d0 f   sfc_debug:sfdb_data_browse.obj
 0001:00028930       sf_debug_mx_packed_vector  0000000180029930 f   sfc_debug:sfdb_data_browse.obj
 0001:00028a10       sf_debug_mx_uint_vector    0000000180029a10 f   sfc_debug:sfdb_data_browse.obj
 0001:00028ad0       sf_debug_st_get_double_value_from_void_ptr_vector 0000000180029ad0 f   sfc_debug:sfdb_data_browse.obj
 0001:000295c0       sf_debug_st_browse_data    000000018002a5c0 f   sfc_debug:sfdb_data_browse.obj
 0001:00029e50       sf_debug_hm_initialize_instance 000000018002ae50 f   sfc_debug:sfdb_handle_management.obj
 0001:0002a3d0       sf_debug_hm_get_object_id  000000018002b3d0 f   sfc_debug:sfdb_handle_management.obj
 0001:0002c340       sf_debug_object_is_eml_function 000000018002d340 f   sfc_debug:sfdb_handle_management.obj
 0001:0002c3b0       sf_debug_hm_initialize_ids_in_machine 000000018002d3b0 f   sfc_debug:sfdb_handle_management.obj
 0001:0002c520       sf_debug_hm_initialize_ids_in_chart 000000018002d520 f   sfc_debug:sfdb_handle_management.obj
 0001:0002c660       sf_debug_hm_initialize_chart 000000018002d660 f   sfc_debug:sfdb_handle_management.obj
 0001:0002ce10       sf_debug_hm_terminate      000000018002de10 f   sfc_debug:sfdb_handle_management.obj
 0001:0002ce70       sf_debug_hm_initialize_machine 000000018002de70 f   sfc_debug:sfdb_handle_management.obj
 0001:0002d620       sf_debug_ss_initialize     000000018002e620 f   sfc_debug:sfdb_symbol_scope.obj
 0001:0002d640       sf_debug_ss_terminate      000000018002e640 f   sfc_debug:sfdb_symbol_scope.obj
 0001:0002d6d0       sf_debug_ss_push_symbol_scope 000000018002e6d0 f   sfc_debug:sfdb_symbol_scope.obj
 0001:0002d7d0       sf_debug_ss_push_symbol_scope_eml 000000018002e7d0 f   sfc_debug:sfdb_symbol_scope.obj
 0001:0002d830       sf_debug_ss_pop_symbol_scope 000000018002e830 f   sfc_debug:sfdb_symbol_scope.obj
 0001:0002d8e0       sf_debug_ss_add_symbol     000000018002e8e0 f   sfc_debug:sfdb_symbol_scope.obj
 0001:0002da40       sf_debug_ss_add_symbol_eml 000000018002ea40 f   sfc_debug:sfdb_symbol_scope.obj
 0001:0002e720       sf_debug_ss_set_data_value 000000018002f720 f   sfc_debug:sfdb_symbol_scope.obj
 0001:0002ebc0       sf_debug_ss_watch_data     000000018002fbc0 f   sfc_debug:sfdb_symbol_scope.obj
 0001:0002ec60       sf_debug_ss_assign_data    000000018002fc60 f   sfc_debug:sfdb_symbol_scope.obj
 0001:0002f660       get_data_entry_name        0000000180030660 f   sfc_debug:sfdb_symbol_scope.obj
 0001:0002f6b0       sf_debug_ss_whos           00000001800306b0 f   sfc_debug:sfdb_symbol_scope.obj
 0001:0002fdc0       sf_debug_cc_initialize_chart 0000000180030dc0 f   sfc_debug:sfdb_coverage.obj
 0001:000307b0       sf_debug_cc_initialize_instance 00000001800317b0 f   sfc_debug:sfdb_coverage.obj
 0001:000315b0       sf_debug_cc_terminate      00000001800325b0 f   sfc_debug:sfdb_coverage.obj
 0001:000316a0       sf_debug_cc_set_transition_maps 00000001800326a0 f   sfc_debug:sfdb_coverage.obj
 0001:000317d0       sf_debug_cc_set_state_maps 00000001800327d0 f   sfc_debug:sfdb_coverage.obj
 0001:000318b0       sf_debug_cc_set_transition_weights 00000001800328b0 f   sfc_debug:sfdb_coverage.obj
 0001:00031b80       sf_debug_cc_set_state_weights 0000000180032b80 f   sfc_debug:sfdb_coverage.obj
 0001:00031e50       sf_debug_cc_mark_transition_guard 0000000180032e50 f   sfc_debug:sfdb_coverage.obj
 0001:00031ee0       sf_debug_cc_mark_transition_trigger 0000000180032ee0 f   sfc_debug:sfdb_coverage.obj
 0001:00031f70       sf_debug_cc_mark_transition_decision 0000000180032f70 f   sfc_debug:sfdb_coverage.obj
 0001:00031fe0       sf_debug_cc_mark_transition_condition_action 0000000180032fe0 f   sfc_debug:sfdb_coverage.obj
 0001:00032030       sf_debug_cc_mark_transition_transition_action 0000000180033030 f   sfc_debug:sfdb_coverage.obj
 0001:00032080       sf_debug_cc_mark_state_entry 0000000180033080 f   sfc_debug:sfdb_coverage.obj
 0001:000320d0       sf_debug_cc_mark_state_during 00000001800330d0 f   sfc_debug:sfdb_coverage.obj
 0001:00032120       sf_debug_cc_mark_state_exit 0000000180033120 f   sfc_debug:sfdb_coverage.obj
 0001:00032170       sf_debug_bm_clear_script_breakpoints 0000000180033170 f   sfc_debug:sfdb_breakpoints.obj
 0001:000321a0       sf_debug_bm_set_script_breakpoint 00000001800331a0 f   sfc_debug:sfdb_breakpoints.obj
 0001:00032220       sf_debug_bm_clear_single_script_breakpoint 0000000180033220 f   sfc_debug:sfdb_breakpoints.obj
 0001:000322a0       sf_debug_bm_query_script_breakpoint 00000001800332a0 f   sfc_debug:sfdb_breakpoints.obj
 0001:000322f0       sf_debug_bm_initialize_scripts 00000001800332f0 f   sfc_debug:sfdb_breakpoints.obj
 0001:00032a10       sf_debug_bm_terminate      0000000180033a10 f   sfc_debug:sfdb_breakpoints.obj
 0001:00032d00       sf_debug_bm_remove_all_breakpoints_in_machine 0000000180033d00 f   sfc_debug:sfdb_breakpoints.obj
 0001:00032d70       sf_debug_bm_remove_all_breakpoints_in_chart 0000000180033d70 f   sfc_debug:sfdb_breakpoints.obj
 0001:00032ec0       sf_debug_bm_initialize_global_breakpoints 0000000180033ec0 f   sfc_debug:sfdb_breakpoints.obj
 0001:00033040       sf_debug_bm_set_breakpoint 0000000180034040 f   sfc_debug:sfdb_breakpoints.obj
 0001:00033670       sf_debug_bm_set_eml_breakpoint 0000000180034670 f   sfc_debug:sfdb_breakpoints.obj
 0001:00033710       sf_debug_bm_initialize_machine_breakpoint_map 0000000180034710 f   sfc_debug:sfdb_breakpoints.obj
 0001:00033b30       sf_debug_bm_is_a_breakpoint 0000000180034b30 f   sfc_debug:sfdb_breakpoints.obj
 0001:00034050       sf_debug_bm_get_all_breakpoints_in_machine 0000000180035050 f   sfc_debug:sfdb_breakpoints.obj
 0001:00034350       sf_debug_bm_get_all_breakpoints_in_chart 0000000180035350 f   sfc_debug:sfdb_breakpoints.obj
 0001:00035010       sf_debug_bm_initialize_machine 0000000180036010 f   sfc_debug:sfdb_breakpoints.obj
 0001:000350e0       sf_debug_bm_initialize_chart 00000001800360e0 f   sfc_debug:sfdb_breakpoints.obj
 0001:00035500       sf_debug_sc_terminate      0000000180036500 f   sfc_debug:sfdb_state_consistency.obj
 0001:00035830       sf_debug_sc_is_chart_consistent 0000000180036830 f   sfc_debug:sfdb_state_consistency.obj
 0001:00035ae0       sf_debug_sc_get_consistency_error_info 0000000180036ae0 f   sfc_debug:sfdb_state_consistency.obj
 0001:00035f30       sf_debug_tm_terminate      0000000180036f30 f   sfc_debug:sfdb_call_stack.obj
 0001:00035ff0       sf_debug_tm_push_chart_instance 0000000180036ff0 f   sfc_debug:sfdb_call_stack.obj
 0001:00036140       sf_debug_tm_pop_chart_instance 0000000180037140 f   sfc_debug:sfdb_call_stack.obj
 0001:000361a0       sf_debug_tm_push_trace_node 00000001800371a0 f   sfc_debug:sfdb_call_stack.obj
 0001:00036330       sf_debug_tm_pop_trace_node 0000000180037330 f   sfc_debug:sfdb_call_stack.obj
 0001:000363b0       sf_debug_tm_get_current_global_trace_index 00000001800373b0 f   sfc_debug:sfdb_call_stack.obj
 0001:000363c0       sf_debug_tm_get_current_local_trace_index 00000001800373c0 f   sfc_debug:sfdb_call_stack.obj
 0001:000363f0       sf_debug_tm_set_cycle_detected_flag 00000001800373f0 f   sfc_debug:sfdb_call_stack.obj
 0001:00036430       sf_debug_tm_set_cycle_started_flag 0000000180037430 f   sfc_debug:sfdb_call_stack.obj
 0001:00036470       sf_debug_tm_get_chart_number_from_stack 0000000180037470 f   sfc_debug:sfdb_call_stack.obj
 0001:00036670       sf_debug_tm_browse_trace   0000000180037670 f   sfc_debug:sfdb_call_stack.obj
 0001:000369b0       sf_debug_cd_initialize_instance 00000001800379b0 f   sfc_debug:sfdb_cycle_detection.obj
 0001:00036c60       sf_debug_cd_mark_processed_transition_in_instance 0000000180037c60 f   sfc_debug:sfdb_cycle_detection.obj
 0001:00036d00       sf_debug_cd_checksum_push  0000000180037d00 f   sfc_debug:sfdb_cycle_detection.obj
 0001:00036fc0       sf_debug_cd_checksum_pop   0000000180037fc0 f   sfc_debug:sfdb_cycle_detection.obj
 0001:00037030       sf_debug_cd_turn_off_cycle_detection 0000000180038030 f   sfc_debug:sfdb_cycle_detection.obj
 0001:00037080       sf_debug_cd_terminate      0000000180038080 f   sfc_debug:sfdb_cycle_detection.obj
 0001:000372c0       md5_initialize_state       00000001800382c0 f   sfc_debug:ckmd5.obj
 0001:00037d30       md5_update_state           0000000180038d30 f   sfc_debug:ckmd5.obj
 0001:00037d50       md5_get_hash               0000000180038d50 f   sfc_debug:ckmd5.obj
 0001:00037d80       md5_get_hash_for_a_single_string 0000000180038d80 f   sfc_debug:ckmd5.obj
 0001:00037de4       mxGetPr                    0000000180038de4 f   libmx:libmx.dll
 0001:00037dea       mxCreateDoubleScalar       0000000180038dea f   libmx:libmx.dll
 0001:00037df0       mxCreateDoubleMatrix_730   0000000180038df0 f   libmx:libmx.dll
 0001:00037df6       mxSetField_730             0000000180038df6 f   libmx:libmx.dll
 0001:00037dfc       mxCreateString             0000000180038dfc f   libmx:libmx.dll
 0001:00037e02       mxCreateStructMatrix_730   0000000180038e02 f   libmx:libmx.dll
 0001:00037e08       mxDestroyArray             0000000180038e08 f   libmx:libmx.dll
 0001:00037e0e       mxDuplicateArray           0000000180038e0e f   libmx:libmx.dll
 0001:00037e14       mxGetString_730            0000000180038e14 f   libmx:libmx.dll
 0001:00037e1a       mxIsChar                   0000000180038e1a f   libmx:libmx.dll
 0001:00037e20       mxGetClassID               0000000180038e20 f   libmx:libmx.dll
 0001:00037e26       mxIsNumeric                0000000180038e26 f   libmx:libmx.dll
 0001:00037e2c       mxIsComplex                0000000180038e2c f   libmx:libmx.dll
 0001:00037e32       mxGetN                     0000000180038e32 f   libmx:libmx.dll
 0001:00037e38       mxGetM                     0000000180038e38 f   libmx:libmx.dll
 0001:00037e3e       mxCalloc                   0000000180038e3e f   libmx:libmx.dll
 0001:00037e44       mxGetScalar                0000000180038e44 f   libmx:libmx.dll
 0001:00037e4a       mxIsLogical                0000000180038e4a f   libmx:libmx.dll
 0001:00037e50       mxCreateDoubleMatrix_700   0000000180038e50 f   libmx:libmx.dll
 0001:00037e56       mxFree                     0000000180038e56 f   libmx:libmx.dll
 0001:00037e5c       mxArrayToString            0000000180038e5c f   libmx:libmx.dll
 0001:00037e62       mxCreateCellMatrix_700     0000000180038e62 f   libmx:libmx.dll
 0001:00037e68       mxSetCell_700              0000000180038e68 f   libmx:libmx.dll
 0001:00037e6e       mxGetCell_700              0000000180038e6e f   libmx:libmx.dll
 0001:00037e74       mxGetClassName             0000000180038e74 f   libmx:libmx.dll
 0001:00037e7a       mxSetField_700             0000000180038e7a f   libmx:libmx.dll
 0001:00037e80       mxAddField                 0000000180038e80 f   libmx:libmx.dll
 0001:00037e86       mxGetField_700             0000000180038e86 f   libmx:libmx.dll
 0001:00037e8c       mxGetNumberOfElements      0000000180038e8c f   libmx:libmx.dll
 0001:00037e92       mxIsStruct                 0000000180038e92 f   libmx:libmx.dll
 0001:00037e98       mxIsA                      0000000180038e98 f   libmx:libmx.dll
 0001:00037e9e       mxIsClass                  0000000180038e9e f   libmx:libmx.dll
 0001:00037ea4       mxGetLogicals              0000000180038ea4 f   libmx:libmx.dll
 0001:00037eaa       mxIsSparse                 0000000180038eaa f   libmx:libmx.dll
 0001:00037eb0       mxSetFieldByNumber_700     0000000180038eb0 f   libmx:libmx.dll
 0001:00037eb6       mxGetFieldByNumber_700     0000000180038eb6 f   libmx:libmx.dll
 0001:00037ebc       mxGetFieldNameByNumber     0000000180038ebc f   libmx:libmx.dll
 0001:00037ec2       mxGetNumberOfFields        0000000180038ec2 f   libmx:libmx.dll
 0001:00037ec8       mxCreateStructMatrix_700   0000000180038ec8 f   libmx:libmx.dll
 0001:00037ece       mxGetFieldNumber           0000000180038ece f   libmx:libmx.dll
 0001:00037ed4       mxIsNaN                    0000000180038ed4 f   libmx:libmx.dll
 0001:00037eda       mxIsEmpty                  0000000180038eda f   libmx:libmx.dll
 0001:00037ee0       mxGetData                  0000000180038ee0 f   libmx:libmx.dll
 0001:00037ee6       mxGetImagData              0000000180038ee6 f   libmx:libmx.dll
 0001:00037eec       mxArrayClassIDName         0000000180038eec f   libmx:libmx.dll
 0001:00037ef2       mxCreateNumericMatrix_700  0000000180038ef2 f   libmx:libmx.dll
 0001:00037ef8       mxCreateStructArray_700    0000000180038ef8 f   libmx:libmx.dll
 0001:00037efe       mxCalcSingleSubscript_700  0000000180038efe f   libmx:libmx.dll
 0001:00037f04       mxGetDimensions_700        0000000180038f04 f   libmx:libmx.dll
 0001:00037f0a       mxGetNumberOfDimensions_700 0000000180038f0a f   libmx:libmx.dll
 0001:00037f10       mxCreateNumericArray_700   0000000180038f10 f   libmx:libmx.dll
 0001:00037f16       mxGetElementSize           0000000180038f16 f   libmx:libmx.dll
 0001:00037f1c       mxCreateStringFromNChars_700 0000000180038f1c f   libmx:libmx.dll
 0001:00037f22       mxGetString_700            0000000180038f22 f   libmx:libmx.dll
 0001:00037f28       mxIsLogicalScalarTrue      0000000180038f28 f   libmx:libmx.dll
 0001:00037f2e       mxCreateLogicalScalar      0000000180038f2e f   libmx:libmx.dll
 0001:00037f34       mexUnlock                  0000000180038f34 f   libmex:libmex.dll
 0001:00037f3a       mexIsLocked                0000000180038f3a f   libmex:libmex.dll
 0001:00037f40       mexWarnMsgTxt              0000000180038f40 f   libmex:libmex.dll
 0001:00037f46       mexCallMATLAB              0000000180038f46 f   libmex:libmex.dll
 0001:00037f4c       mexErrMsgTxt               0000000180038f4c f   libmex:libmex.dll
 0001:00037f52       mexMakeArrayPersistent     0000000180038f52 f   libmex:libmex.dll
 0001:00037f58       mexSetTrapFlag             0000000180038f58 f   libmex:libmex.dll
 0001:00037f5e       mexPutVariable             0000000180038f5e f   libmex:libmex.dll
 0001:00037f64       mexGetVariable             0000000180038f64 f   libmex:libmex.dll
 0001:00037f6a       mexLock                    0000000180038f6a f   libmex:libmex.dll
 0001:00037f70       mexMakeMemoryPersistent    0000000180038f70 f   libmex:libmex.dll
 0001:00037f76       mexFunctionName            0000000180038f76 f   libmex:libmex.dll
 0001:00037f7c       ssRegisterDataTypeFxpFSlopeFixExpBias 0000000180038f7c f   libfixedpoint:libfixedpoint.dll
 0001:00037f82       utVSNprintf                0000000180038f82 f   libut:libut.dll
 0001:00037f88       utCPUtime                  0000000180038f88 f   libut:libut.dll
 0001:00037f8e       utFree                     0000000180038f8e f   libut:libut.dll
 0001:00037f94       utMalloc                   0000000180038f94 f   libut:libut.dll
 0001:00037f9a       muDoubleScalarAbs          0000000180038f9a f   libmwmathutil:libmwmathutil.dll
 0001:00037fa0       muDoubleScalarFloor        0000000180038fa0 f   libmwmathutil:libmwmathutil.dll
 0001:00037fa6       emlrtCheckBuiltInCtxR2011a 0000000180038fa6 f   libemlrt:libemlrt.dll
 0001:00037fac       emlrtCheckVsBuiltInCtxR2011a 0000000180038fac f   libemlrt:libemlrt.dll
 0001:00037fb2       emlrtCheckEnumR2009a       0000000180038fb2 f   libemlrt:libemlrt.dll
 0001:00037fb8       emlrtCreateEnumR2010a      0000000180038fb8 f   libemlrt:libemlrt.dll
 0001:00037fbe       emlrtGetEnumElementR2009a  0000000180038fbe f   libemlrt:libemlrt.dll
 0001:00037fc4       emlrtCreateReference       0000000180038fc4 f   libemlrt:libemlrt.dll
 0001:00037fca       emlrtImportVsFiArrayR2009b 0000000180038fca f   libemlrt:libemlrt.dll
 0001:00037fd0       emlrtNameCapturePostProcessR2012a 0000000180038fd0 f   libemlrt:libemlrt.dll
 0001:00037fd6       emlrtExtractMessageId      0000000180038fd6 f   libemlrt:libemlrt.dll
 0001:00037fdc       emlrtTranslateMessageIDtoLCPstring 0000000180038fdc f   libemlrt:libemlrt.dll
 0001:00037fe2       emlrtForLoopVectorIsValidR2011b 0000000180038fe2 f   libemlrt:libemlrt.dll
 0001:00037fe8       emlrtTranslateUTF16MessagetoLCPstring 0000000180038fe8 f   libemlrt:libemlrt.dll
 0001:00037fee       emlrtGetEnumUnderlyingArrayR2009a 0000000180038fee f   libemlrt:libemlrt.dll
 0001:00037ff4       emlrtIsEnumR2009a          0000000180038ff4 f   libemlrt:libemlrt.dll
 0001:00037ffa       strlen                     0000000180038ffa f   MSVCRT:MSVCR100.dll
 0001:00038000       memset                     0000000180039000 f   MSVCRT:MSVCR100.dll
 0001:00038006       malloc                     0000000180039006 f   MSVCRT:MSVCR100.dll
 0001:0003800c       __GSHandlerCheckCommon     000000018003900c f   MSVCRT:gshandler.obj
 0001:00038070       __GSHandlerCheck           0000000180039070 f   MSVCRT:gshandler.obj
 0001:000380a0       __security_check_cookie    00000001800390a0 f   MSVCRT:amdsecgs.obj
 0001:000380c0       free                       00000001800390c0 f   MSVCRT:MSVCR100.dll
 0001:000380c6       strcmp                     00000001800390c6 f   MSVCRT:MSVCR100.dll
 0001:000380cc       sprintf                    00000001800390cc f   MSVCRT:MSVCR100.dll
 0001:000380d2       strcat                     00000001800390d2 f   MSVCRT:MSVCR100.dll
 0001:000380d8       memcpy                     00000001800390d8 f   MSVCRT:MSVCR100.dll
 0001:000380e0       NtCurrentTeb               00000001800390e0 f i MSVCRT:crtdll.obj
 0001:0003814c       _CRT_INIT                  000000018003914c f   MSVCRT:crtdll.obj
 0001:000384e4       _DllMainCRTStartup         00000001800394e4 f   MSVCRT:crtdll.obj
 0001:00038522       strncpy                    0000000180039522 f   MSVCRT:MSVCR100.dll
 0001:00038540       _alloca_probe              0000000180039540     MSVCRT:chkstk.obj
 0001:00038540       __chkstk                   0000000180039540 f   MSVCRT:chkstk.obj
 0001:0003858e       longjmp                    000000018003958e f   MSVCRT:MSVCR100.dll
 0001:00038594       strncmp                    0000000180039594 f   MSVCRT:MSVCR100.dll
 0001:0003859a       ceil                       000000018003959a f   MSVCRT:MSVCR100.dll
 0001:000385a0       strrchr                    00000001800395a0 f   MSVCRT:MSVCR100.dll
 0001:000385a6       _setjmp                    00000001800395a6 f   MSVCRT:MSVCR100.dll
 0001:000385ac       calloc                     00000001800395ac f   MSVCRT:MSVCR100.dll
 0001:000385b2       realloc                    00000001800395b2 f   MSVCRT:MSVCR100.dll
 0001:000385b8       ldexp                      00000001800395b8 f   MSVCRT:MSVCR100.dll
 0001:000385c0       __report_gsfailure         00000001800395c0 f   MSVCRT:gs_report.obj
 0001:0003870c       __clean_type_info_names    000000018003970c f   MSVCRT:tncleanup.obj
 0001:00038718       _onexit                    0000000180039718 f   MSVCRT:atonexit.obj
 0001:000387c8       atexit                     00000001800397c8 f   MSVCRT:atonexit.obj
 0001:000387e0       _RTC_Initialize            00000001800397e0 f   MSVCRT:_initsect_.obj
 0001:00038818       _RTC_Terminate             0000000180039818 f   MSVCRT:_initsect_.obj
 0001:00038850       _malloc_crt                0000000180039850 f   MSVCRT:MSVCR100.dll
 0001:00038860       _ValidateImageBase         0000000180039860 f   MSVCRT:pesect.obj
 0001:00038890       _FindPESection             0000000180039890 f   MSVCRT:pesect.obj
 0001:000388e0       _IsNonwritableInCurrentImage 00000001800398e0 f   MSVCRT:pesect.obj
 0001:00038922       _initterm                  0000000180039922 f   MSVCRT:MSVCR100.dll
 0001:00038928       _initterm_e                0000000180039928 f   MSVCRT:MSVCR100.dll
 0001:0003892e       _encoded_null              000000018003992e f   MSVCRT:MSVCR100.dll
 0001:00038934       _amsg_exit                 0000000180039934 f   MSVCRT:MSVCR100.dll
 0001:0003893a       __C_specific_handler       000000018003993a f   MSVCRT:MSVCR100.dll
 0001:00038940       __CppXcptFilter            0000000180039940 f   MSVCRT:MSVCR100.dll
 0001:00038948       DllMain                    0000000180039948 f   MSVCRT:dllmain.obj
 0001:0003896c       __security_init_cookie     000000018003996c f   MSVCRT:gs_support.obj
 0001:00038a20       __crt_debugger_hook        0000000180039a20 f   MSVCRT:MSVCR100.dll
 0001:00038a26       __clean_type_info_names_internal 0000000180039a26 f   MSVCRT:MSVCR100.dll
 0001:00038a2c       _unlock                    0000000180039a2c f   MSVCRT:MSVCR100.dll
 0001:00038a32       __dllonexit                0000000180039a32 f   MSVCRT:MSVCR100.dll
 0001:00038a38       _lock                      0000000180039a38 f   MSVCRT:MSVCR100.dll
 0001:00038a3e       EncodePointer              0000000180039a3e f   kernel32:KERNEL32.dll
 0001:00038a44       DecodePointer              0000000180039a44 f   kernel32:KERNEL32.dll
 0001:00038a4a       Sleep                      0000000180039a4a f   kernel32:KERNEL32.dll
 0001:00038a50       TerminateProcess           0000000180039a50 f   kernel32:KERNEL32.dll
 0001:00038a56       GetCurrentProcess          0000000180039a56 f   kernel32:KERNEL32.dll
 0001:00038a5c       UnhandledExceptionFilter   0000000180039a5c f   kernel32:KERNEL32.dll
 0001:00038a62       SetUnhandledExceptionFilter 0000000180039a62 f   kernel32:KERNEL32.dll
 0001:00038a68       IsDebuggerPresent          0000000180039a68 f   kernel32:KERNEL32.dll
 0001:00038a6e       RtlVirtualUnwind           0000000180039a6e f   kernel32:KERNEL32.dll
 0001:00038a74       RtlLookupFunctionEntry     0000000180039a74 f   kernel32:KERNEL32.dll
 0001:00038a7a       RtlCaptureContext          0000000180039a7a f   kernel32:KERNEL32.dll
 0001:00038a80       DisableThreadLibraryCalls  0000000180039a80 f   kernel32:KERNEL32.dll
 0001:00038a86       QueryPerformanceCounter    0000000180039a86 f   kernel32:KERNEL32.dll
 0001:00038a8c       GetTickCount               0000000180039a8c f   kernel32:KERNEL32.dll
 0001:00038a92       GetCurrentThreadId         0000000180039a92 f   kernel32:KERNEL32.dll
 0001:00038a98       GetCurrentProcessId        0000000180039a98 f   kernel32:KERNEL32.dll
 0001:00038a9e       GetSystemTimeAsFileTime    0000000180039a9e f   kernel32:KERNEL32.dll
 0002:00000000       __imp_DisableThreadLibraryCalls 000000018003a000     kernel32:KERNEL32.dll
 0002:00000008       __imp_RtlCaptureContext    000000018003a008     kernel32:KERNEL32.dll
 0002:00000010       __imp_RtlLookupFunctionEntry 000000018003a010     kernel32:KERNEL32.dll
 0002:00000018       __imp_RtlVirtualUnwind     000000018003a018     kernel32:KERNEL32.dll
 0002:00000020       __imp_IsDebuggerPresent    000000018003a020     kernel32:KERNEL32.dll
 0002:00000028       __imp_SetUnhandledExceptionFilter 000000018003a028     kernel32:KERNEL32.dll
 0002:00000030       __imp_UnhandledExceptionFilter 000000018003a030     kernel32:KERNEL32.dll
 0002:00000038       __imp_GetCurrentProcess    000000018003a038     kernel32:KERNEL32.dll
 0002:00000040       __imp_TerminateProcess     000000018003a040     kernel32:KERNEL32.dll
 0002:00000048       __imp_Sleep                000000018003a048     kernel32:KERNEL32.dll
 0002:00000050       __imp_DecodePointer        000000018003a050     kernel32:KERNEL32.dll
 0002:00000058       __imp_EncodePointer        000000018003a058     kernel32:KERNEL32.dll
 0002:00000060       __imp_GetTickCount         000000018003a060     kernel32:KERNEL32.dll
 0002:00000068       __imp_GetCurrentThreadId   000000018003a068     kernel32:KERNEL32.dll
 0002:00000070       __imp_GetCurrentProcessId  000000018003a070     kernel32:KERNEL32.dll
 0002:00000078       __imp_GetSystemTimeAsFileTime 000000018003a078     kernel32:KERNEL32.dll
 0002:00000080       __imp_QueryPerformanceCounter 000000018003a080     kernel32:KERNEL32.dll
 0002:00000088       \177KERNEL32_NULL_THUNK_DATA 000000018003a088     kernel32:KERNEL32.dll
 0002:00000090       __imp_realloc              000000018003a090     MSVCRT:MSVCR100.dll
 0002:00000098       __imp__onexit              000000018003a098     MSVCRT:MSVCR100.dll
 0002:000000a0       __imp__lock                000000018003a0a0     MSVCRT:MSVCR100.dll
 0002:000000a8       __imp___dllonexit          000000018003a0a8     MSVCRT:MSVCR100.dll
 0002:000000b0       __imp__unlock              000000018003a0b0     MSVCRT:MSVCR100.dll
 0002:000000b8       __imp___clean_type_info_names_internal 000000018003a0b8     MSVCRT:MSVCR100.dll
 0002:000000c0       __imp___crt_debugger_hook  000000018003a0c0     MSVCRT:MSVCR100.dll
 0002:000000c8       __imp___CppXcptFilter      000000018003a0c8     MSVCRT:MSVCR100.dll
 0002:000000d0       __imp___C_specific_handler 000000018003a0d0     MSVCRT:MSVCR100.dll
 0002:000000d8       __imp__amsg_exit           000000018003a0d8     MSVCRT:MSVCR100.dll
 0002:000000e0       __imp__encoded_null        000000018003a0e0     MSVCRT:MSVCR100.dll
 0002:000000e8       __imp__initterm_e          000000018003a0e8     MSVCRT:MSVCR100.dll
 0002:000000f0       __imp__initterm            000000018003a0f0     MSVCRT:MSVCR100.dll
 0002:000000f8       __imp__malloc_crt          000000018003a0f8     MSVCRT:MSVCR100.dll
 0002:00000100       __imp_ldexp                000000018003a100     MSVCRT:MSVCR100.dll
 0002:00000108       __imp_strlen               000000018003a108     MSVCRT:MSVCR100.dll
 0002:00000110       __imp_calloc               000000018003a110     MSVCRT:MSVCR100.dll
 0002:00000118       __imp__setjmp              000000018003a118     MSVCRT:MSVCR100.dll
 0002:00000120       __imp_strrchr              000000018003a120     MSVCRT:MSVCR100.dll
 0002:00000128       __imp_ceil                 000000018003a128     MSVCRT:MSVCR100.dll
 0002:00000130       __imp_strncmp              000000018003a130     MSVCRT:MSVCR100.dll
 0002:00000138       __imp_longjmp              000000018003a138     MSVCRT:MSVCR100.dll
 0002:00000140       __imp_strncpy              000000018003a140     MSVCRT:MSVCR100.dll
 0002:00000148       __imp_memcpy               000000018003a148     MSVCRT:MSVCR100.dll
 0002:00000150       __imp_strcat               000000018003a150     MSVCRT:MSVCR100.dll
 0002:00000158       __imp_sprintf              000000018003a158     MSVCRT:MSVCR100.dll
 0002:00000160       __imp_strcmp               000000018003a160     MSVCRT:MSVCR100.dll
 0002:00000168       __imp_free                 000000018003a168     MSVCRT:MSVCR100.dll
 0002:00000170       __imp_malloc               000000018003a170     MSVCRT:MSVCR100.dll
 0002:00000178       __imp_memset               000000018003a178     MSVCRT:MSVCR100.dll
 0002:00000180       \177MSVCR100_NULL_THUNK_DATA 000000018003a180     MSVCRT:MSVCR100.dll
 0002:00000188       __imp_emlrtCheckVsBuiltInCtxR2011a 000000018003a188     libemlrt:libemlrt.dll
 0002:00000190       __imp_emlrtIsEnumR2009a    000000018003a190     libemlrt:libemlrt.dll
 0002:00000198       __imp_emlrtGetEnumUnderlyingArrayR2009a 000000018003a198     libemlrt:libemlrt.dll
 0002:000001a0       __imp_emlrtTranslateUTF16MessagetoLCPstring 000000018003a1a0     libemlrt:libemlrt.dll
 0002:000001a8       __imp_emlrtForLoopVectorIsValidR2011b 000000018003a1a8     libemlrt:libemlrt.dll
 0002:000001b0       __imp_emlrtTranslateMessageIDtoLCPstring 000000018003a1b0     libemlrt:libemlrt.dll
 0002:000001b8       __imp_emlrtExtractMessageId 000000018003a1b8     libemlrt:libemlrt.dll
 0002:000001c0       __imp_emlrtCheckBuiltInCtxR2011a 000000018003a1c0     libemlrt:libemlrt.dll
 0002:000001c8       __imp_emlrtCheckEnumR2009a 000000018003a1c8     libemlrt:libemlrt.dll
 0002:000001d0       __imp_emlrtCreateEnumR2010a 000000018003a1d0     libemlrt:libemlrt.dll
 0002:000001d8       __imp_emlrtGetEnumElementR2009a 000000018003a1d8     libemlrt:libemlrt.dll
 0002:000001e0       __imp_emlrtCreateReference 000000018003a1e0     libemlrt:libemlrt.dll
 0002:000001e8       __imp_emlrtImportVsFiArrayR2009b 000000018003a1e8     libemlrt:libemlrt.dll
 0002:000001f0       __imp_emlrtNameCapturePostProcessR2012a 000000018003a1f0     libemlrt:libemlrt.dll
 0002:000001f8       \177libemlrt_NULL_THUNK_DATA 000000018003a1f8     libemlrt:libemlrt.dll
 0002:00000200       __imp_ssRegisterDataTypeFxpFSlopeFixExpBias 000000018003a200     libfixedpoint:libfixedpoint.dll
 0002:00000208       \177libfixedpoint_NULL_THUNK_DATA 000000018003a208     libfixedpoint:libfixedpoint.dll
 0002:00000210       __imp_mexMakeMemoryPersistent 000000018003a210     libmex:libmex.dll
 0002:00000218       __imp_mexFunctionName      000000018003a218     libmex:libmex.dll
 0002:00000220       __imp_mexSetTrapFlag       000000018003a220     libmex:libmex.dll
 0002:00000228       __imp_mexLock              000000018003a228     libmex:libmex.dll
 0002:00000230       __imp_mexGetVariable       000000018003a230     libmex:libmex.dll
 0002:00000238       __imp_mexPutVariable       000000018003a238     libmex:libmex.dll
 0002:00000240       __imp_mexMakeArrayPersistent 000000018003a240     libmex:libmex.dll
 0002:00000248       __imp_mexErrMsgTxt         000000018003a248     libmex:libmex.dll
 0002:00000250       __imp_mexCallMATLAB        000000018003a250     libmex:libmex.dll
 0002:00000258       __imp_mexWarnMsgTxt        000000018003a258     libmex:libmex.dll
 0002:00000260       __imp_mexIsLocked          000000018003a260     libmex:libmex.dll
 0002:00000268       __imp_mexUnlock            000000018003a268     libmex:libmex.dll
 0002:00000270       \177libmex_NULL_THUNK_DATA 000000018003a270     libmex:libmex.dll
 0002:00000278       __imp_muDoubleScalarAbs    000000018003a278     libmwmathutil:libmwmathutil.dll
 0002:00000280       __imp_muDoubleScalarFloor  000000018003a280     libmwmathutil:libmwmathutil.dll
 0002:00000288       \177libmwmathutil_NULL_THUNK_DATA 000000018003a288     libmwmathutil:libmwmathutil.dll
 0002:00000290       __imp_mxGetN               000000018003a290     libmx:libmx.dll
 0002:00000298       __imp_mxGetM               000000018003a298     libmx:libmx.dll
 0002:000002a0       __imp_mxCalloc             000000018003a2a0     libmx:libmx.dll
 0002:000002a8       __imp_mxGetScalar          000000018003a2a8     libmx:libmx.dll
 0002:000002b0       __imp_mxGetPr              000000018003a2b0     libmx:libmx.dll
 0002:000002b8       __imp_mxIsLogical          000000018003a2b8     libmx:libmx.dll
 0002:000002c0       __imp_mxCreateLogicalScalar 000000018003a2c0     libmx:libmx.dll
 0002:000002c8       __imp_mxIsLogicalScalarTrue 000000018003a2c8     libmx:libmx.dll
 0002:000002d0       __imp_mxGetString_700      000000018003a2d0     libmx:libmx.dll
 0002:000002d8       __imp_mxCreateStringFromNChars_700 000000018003a2d8     libmx:libmx.dll
 0002:000002e0       __imp_mxGetElementSize     000000018003a2e0     libmx:libmx.dll
 0002:000002e8       __imp_mxCreateNumericArray_700 000000018003a2e8     libmx:libmx.dll
 0002:000002f0       __imp_mxGetNumberOfDimensions_700 000000018003a2f0     libmx:libmx.dll
 0002:000002f8       __imp_mxGetDimensions_700  000000018003a2f8     libmx:libmx.dll
[...]
 0001:00010160       sf_numeric_value_to_double 0000000180011160 f   sfc_mex:sfc_mex.obj
 0001:000101b0       ml_generic_out_of_bounds_check 00000001800111b0 f   sfc_mex:sfc_mex.obj
 0001:00010380       ml_get_element_value_from_array 0000000180011380 f   sfc_mex:sfc_mex.obj
 0001:00010720       _ml_generic_castability_check 0000000180011720 f   sfc_mex:sfc_mex.obj
 0001:00011480       ml_generic_castability_check 0000000180012480 f   sfc_mex:sfc_mex.obj
 0001:00011520       ml_check_mx_array_for_single_castability 0000000180012520 f   sfc_mex:sfc_mex.obj
 0001:000115c0       ml_check_mx_array_for_logical_castability 00000001800125c0 f   sfc_mex:sfc_mex.obj
 0001:00011660       ml_check_mx_array_for_int8_castability 0000000180012660 f   sfc_mex:sfc_mex.obj
 0001:00011710       ml_check_mx_array_for_uint8_castability 0000000180012710 f   sfc_mex:sfc_mex.obj
 0001:00011770       ml_check_mx_array_for_int16_castability 0000000180012770 f   sfc_mex:sfc_mex.obj
 0001:000117d0       ml_check_mx_array_for_uint16_castability 00000001800127d0 f   sfc_mex:sfc_mex.obj
 0001:00011830       ml_check_mx_array_for_int32_castability 0000000180012830 f   sfc_mex:sfc_mex.obj
 0001:00011890       ml_check_mx_array_for_uint32_castability 0000000180012890 f   sfc_mex:sfc_mex.obj
 0001:000118f0       ml_check_mx_array_for_castability 00000001800128f0 f   sfc_mex:sfc_mex.obj
 0001:00012220       set_data_value             0000000180013220 f   sfc_mex:sfc_mex.obj
 0001:00012590       get_data_value             0000000180013590 f   sfc_mex:sfc_mex.obj
 0001:000126a0       get_next_element_address   00000001800136a0 f   sfc_mex:sfc_mex.obj
 0001:00012770       sf_normalize_index         0000000180013770 f   sfc_mex:sfc_mex.obj
 0001:00012b00       ml_array_index_bound_check 0000000180013b00 f   sfc_mex:sfc_mex.obj
 0001:00013620       mx_value                   0000000180014620 f   sfc_mex:sfc_mex.obj
 0001:00013670       sf_create_numeric_array    0000000180014670 f   sfc_mex:sfc_mex.obj
 0001:00013710       sf_mex_assign_to_mx_array  0000000180014710 f   sfc_mex:sfc_mex.obj
 0001:00013a60       assign_from_mx_array       0000000180014a60 f   sfc_mex:sfc_mex.obj
 0001:00014290       sf_mex_import_v            0000000180015290 f   sfc_mex:sfc_mex.obj
 0001:00014990       get_machine_and_chart_file_number 0000000180015990 f   sfc_mex:sfc_sf.obj
 0001:00014a80       get_sfun_block_specialization 0000000180015a80 f   sfc_mex:sfc_sf.obj
 0001:00014b30       call_sf_machine_global_method_dispatcher 0000000180015b30 f   sfc_mex:sfc_sf.obj
 0001:00014d80       mdl_zeroCrossings_processing 0000000180015d80 f   sfc_mex:sfc_sf.obj
 0001:00014e50       mdl_derivatives_processing 0000000180015e50 f   sfc_mex:sfc_sf.obj
 0001:00015110       mdl_outputs_continuous_legacy 0000000180016110 f   sfc_mex:sfc_sf.obj
 0001:00015190       mdl_outputs_processing     0000000180016190 f   sfc_mex:sfc_sf.obj
 0001:000153c0       mdl_enable_processing      00000001800163c0 f   sfc_mex:sfc_sf.obj
 0001:00015490       mdl_disable_processing     0000000180016490 f   sfc_mex:sfc_sf.obj
 0001:00016200       sf_call_output_fcn_enable_disable 0000000180017200 f   sfc_mex:sfc_sf.obj
 0001:00016480       set_dwork_information_from_mx_array 0000000180017480 f   sfc_mex:sfc_sf.obj
 0001:00016d40       ptr2mxStruct               0000000180017d40 f   sfc_mex:sfc_sf.obj
 0001:00017050       SNPRINTF_WRAPPER           0000000180018050 f   sfc_debug:sfcdebug.obj
 0001:00017070       sf_debug_chart_instance_initialized_quick 0000000180018070 f   sfc_debug:sfcdebug.obj
 0001:00017080       sf_debug_chart_instance_initialized 0000000180018080 f   sfc_debug:sfcdebug.obj
 0001:00017220       sfrtAddSize                0000000180018220 f   sfc_debug:sfcdebug.obj
 0001:000172e0       sfrtGenSizeString          00000001800182e0 f   sfc_debug:sfcdebug.obj
 0001:000179f0       fill_single_message_info   00000001800189f0 f   sfc_debug:sfcdebug.obj
 0001:00017bb0       sf_debug_sim_status_listener 0000000180018bb0 f   sfc_debug:sfcdebug.obj
 0001:00018120       sf_debug_form_mask_bits    0000000180019120 f   sfc_debug:sfcdebug.obj
 0001:00018160       sf_debug_form_sf_data_type_offsets 0000000180019160 f   sfc_debug:sfcdebug.obj
 0001:00018220       sf_debug_free_all          0000000180019220 f   sfc_debug:sfcdebug.obj
 0001:000183d0       sf_debug_append_debugger_context 00000001800193d0 f   sfc_debug:sfcdebug.obj
 0001:00018690       local_strdup               0000000180019690 f   sfc_debug:sfcdebug.obj
 0001:00019570       sf_debug_em_terminate      000000018001a570 f   sfc_debug:sfcdebug.obj
 0001:000195b0       sf_debug_push_eml_function 000000018001a5b0 f   sfc_debug:sfcdebug.obj
 0001:00019650       sf_debug_pop_eml_function  000000018001a650 f   sfc_debug:sfcdebug.obj
 0001:0001a350       sf_debug_get_machine_number_from_id_or_name 000000018001b350 f   sfc_debug:sfcdebug.obj
 0001:0001a4a0       sf_debug_get_chart_number_from_id 000000018001b4a0 f   sfc_debug:sfcdebug.obj
 0001:0001b110       sf_debug_transfer_control_to_debugger_GUI 000000018001c110 f   sfc_debug:sfcdebug.obj
 0001:0001c0a0       sf_debug_scripts_rehash    000000018001d0a0 f   sfc_debug:sfcdebug.obj
 0001:0001c2e0       sf_debug_get_script_line_count 000000018001d2e0 f   sfc_debug:sfcdebug.obj
 0001:0001cc10       cv_eml_state_cvId          000000018001dc10 f   sfc_debug:sfcdebug.obj
 0001:0001cc80       cv_eml_trans_cvId          000000018001dc80 f   sfc_debug:sfcdebug.obj
 0001:0001df40       sf_debug_data_array_bounds_error 000000018001ef40 f   sfc_debug:sfcdebug.obj
 0001:0001e370       eml_debug_runtime_error_doclink 000000018001f370 f   sfc_debug:sfcdebug.obj
 0001:0001e4f0       sf_debug_runtime_error     000000018001f4f0 f   sfc_debug:sfcdebug.obj
 0001:0001e560       sf_debug_matlab_error      000000018001f560 f   sfc_debug:sfcdebug.obj
 0001:0001ee90       sf_debug_data_value_error  000000018001fe90 f   sfc_debug:sfcdebug.obj
 0001:0001f790       sf_debug_data_loss_error   0000000180020790 f   sfc_debug:sfcdebug.obj
 0001:000206b0       call_cv_range_check        00000001800216b0 f   sfc_debug:sfcdebug.obj
 0001:00020e80       sf_debug_invoke_cycle_detection_code 0000000180021e80 f   sfc_debug:sfcdebug.obj
 0001:00021f60       sf_reset_debug_info_struct 0000000180022f60 f   sfc_debug:sfcdebug.obj
 0001:00022850       cv_script_cvId             0000000180023850 f   sfc_debug:sfcdebug.obj
 0001:000235a0       sfc_api_chart_visible      00000001800245a0 f   sfc_debug:sfc_api.obj
 0001:00023620       sfc_api_active_instance    0000000180024620 f   sfc_debug:sfc_api.obj
 0001:000236a0       sfc_api_machine_load       00000001800246a0 f   sfc_debug:sfc_api.obj
 0001:00023770       sfc_api_debugger_alive     0000000180024770 f   sfc_debug:sfc_api.obj
 0001:00023780       sfc_api_go                 0000000180024780 f   sfc_debug:sfc_api.obj
 0001:00023790       sfc_api_step_over          0000000180024790 f   sfc_debug:sfc_api.obj
 0001:000237a0       sfc_api_step_out           00000001800247a0 f   sfc_debug:sfc_api.obj
 0001:000237b0       sfc_api_resume             00000001800247b0 f   sfc_debug:sfc_api.obj
 0001:000237c0       sfc_api_break              00000001800247c0 f   sfc_debug:sfc_api.obj
 0001:000237d0       sfc_api_stop_debugging     00000001800247d0 f   sfc_debug:sfc_api.obj
 0001:00023820       sfc_api_is_cycle_detected  0000000180024820 f   sfc_debug:sfc_api.obj
 0001:00023870       sfc_api_is_array_bounds_detected 0000000180024870 f   sfc_debug:sfc_api.obj
 0001:000238c0       sfc_api_set_disable_all_breakpoints 00000001800248c0 f   sfc_debug:sfc_api.obj
 0001:00023930       sfc_api_disable_all_breakpoints_and_go 0000000180024930 f   sfc_debug:sfc_api.obj
 0001:00023940       sfc_api_close              0000000180024940 f   sfc_debug:sfc_api.obj
 0001:00023950       sfc_api_browse_data        0000000180024950 f   sfc_debug:sfc_api.obj
 0001:000239c0       sfc_api_watch_data         00000001800249c0 f   sfc_debug:sfc_api.obj
 0001:00023a60       sfc_api_extract_message_post_receive_info 0000000180024a60 f   sfc_debug:sfc_api.obj
 0001:00023a80       sfc_api_assign_data        0000000180024a80 f   sfc_debug:sfc_api.obj
 0001:00023b20       sfc_api_whos               0000000180024b20 f   sfc_debug:sfc_api.obj
 0001:00023bb0       sfc_api_get_consistency_info 0000000180024bb0 f   sfc_debug:sfc_api.obj
 0001:00023bc0       sfc_api_browse_trace       0000000180024bc0 f   sfc_debug:sfc_api.obj
 0001:00023bd0       sfc_api_break_on_chart_entry 0000000180024bd0 f   sfc_debug:sfc_api.obj
 0001:00023bf0       sfc_api_break_on_event_broadcast 0000000180024bf0 f   sfc_debug:sfc_api.obj
 0001:00023c10       sfc_api_break_on_state_entry 0000000180024c10 f   sfc_debug:sfc_api.obj
 0001:00023c30       sfc_api_set_watch          0000000180024c30 f   sfc_debug:sfc_api.obj
 0001:00023cd0       sfc_api_set_breakpoints    0000000180024cd0 f   sfc_debug:sfc_api.obj
 0001:00023d70       sfc_api_set_eml_breakpoints 0000000180024d70 f   sfc_debug:sfc_api.obj
 0001:00023df0       sfc_api_set_script_breakpoints 0000000180024df0 f   sfc_debug:sfc_api.obj
 0001:00023e40       sfc_api_add_script_breakpoints 0000000180024e40 f   sfc_debug:sfc_api.obj
 0001:00023e90       sfc_api_clear_script_breakpoints 0000000180024e90 f   sfc_debug:sfc_api.obj
 0001:00023ee0       sfc_api_query_script_breakpoints 0000000180024ee0 f   sfc_debug:sfc_api.obj
 0001:00023f40       sfc_api_get_script_id      0000000180024f40 f   sfc_debug:sfc_api.obj
 0001:00024000       sfc_api_get_active_states  0000000180025000 f   sfc_debug:sfc_api.obj
 0001:00024080       sfc_api_break_between_times 0000000180025080 f   sfc_debug:sfc_api.obj
 0001:000240e0       sfc_api_get_instance_handle 00000001800250e0 f   sfc_debug:sfc_api.obj
 0001:00024190       sfc_api_set_animation      0000000180025190 f   sfc_debug:sfc_api.obj
 0001:000241e0       sfc_api_select_chart       00000001800251e0 f   sfc_debug:sfc_api.obj
 0001:00024240       sfc_api_select_charts      0000000180025240 f   sfc_debug:sfc_api.obj
 0001:00024270       sfc_api_cycle_detection_check 0000000180025270 f   sfc_debug:sfc_api.obj
 0001:000242c0       sfc_api_data_range_check   00000001800252c0 f   sfc_debug:sfc_api.obj
 0001:00024310       sfc_api_transition_conflict_check 0000000180025310 f   sfc_debug:sfc_api.obj
 0001:00024360       sfc_api_state_consistency_check 0000000180025360 f   sfc_debug:sfc_api.obj
 0001:000243b0       sfc_api_set_instance_cv_ids 00000001800253b0 f   sfc_debug:sfc_api.obj
 0001:000244c0       sfc_api_set_script_cv_ids  00000001800254c0 f   sfc_debug:sfc_api.obj
 0001:00024570       sfc_api_get_current_machine_id 0000000180025570 f   sfc_debug:sfc_api.obj
 0001:000245a0       sfc_api_get_current_machine_number 00000001800255a0 f   sfc_debug:sfc_api.obj
 0001:000245d0       sfc_api_get_current_chart_number 00000001800255d0 f   sfc_debug:sfc_api.obj
 0001:00024600       sfc_api_get_current_instance_number 0000000180025600 f   sfc_debug:sfc_api.obj
 0001:00024630       sfc_api_get_current_instance_handle 0000000180025630 f   sfc_debug:sfc_api.obj
 0001:00024650       sfc_api_get_current_is_minor_time_step 0000000180025650 f   sfc_debug:sfc_api.obj
 0001:00024680       sfc_api_get_current_machine_name 0000000180025680 f   sfc_debug:sfc_api.obj
 0001:000246a0       sfc_api_get_current_chart_id 00000001800256a0 f   sfc_debug:sfc_api.obj
 0001:000246d0       sfc_api_get_current_object_type 00000001800256d0 f   sfc_debug:sfc_api.obj
 0001:00024700       sfc_api_get_current_event_type 0000000180025700 f   sfc_debug:sfc_api.obj
 0001:00024730       sfc_api_get_current_object_id 0000000180025730 f   sfc_debug:sfc_api.obj
 0001:00024760       sfc_get_current_active_event_type 0000000180025760 f   sfc_debug:sfc_api.obj
 0001:00024790       sfc_api_get_current_active_event_id 0000000180025790 f   sfc_debug:sfc_api.obj
 0001:000247c0       sfc_api_get_current_simulation_time 00000001800257c0 f   sfc_debug:sfc_api.obj
 0001:000247e0       sfc_get_current_tag_type   00000001800257e0 f   sfc_debug:sfc_api.obj
 0001:00024810       sfc_get_current_coverage_percentage 0000000180025810 f   sfc_debug:sfc_api.obj
 0001:00024830       sfc_get_current_statement_context 0000000180025830 f   sfc_debug:sfc_api.obj
 0001:00024850       sfc_get_current_optional_integer 0000000180025850 f   sfc_debug:sfc_api.obj
 0001:00024880       sfc_get_current_statement_info 0000000180025880 f   sfc_debug:sfc_api.obj
 0001:00024920       sfc_api_get                0000000180025920 f   sfc_debug:sfc_api.obj
 0001:00024a80       sf_debug_sm_is_using_unified_editors 0000000180025a80 f   sfc_debug:sfdb_animation.obj
 0001:00024b20       sf_debug_sm_is_chart_visible_in_unified_editors 0000000180025b20 f   sfc_debug:sfdb_animation.obj
 0001:00024be0       sf_debug_sm_check_if_chart_is_visible 0000000180025be0 f   sfc_debug:sfdb_animation.obj
 0001:000256e0       sf_debug_sm_fill_state_activity_data 00000001800266e0 f   sfc_debug:sfdb_animation.obj
 0001:00027f10       void_ptr_stack_vector_free_total 0000000180028f10 f   sfc_debug:sfdb_data_browse.obj
 0001:00027fa0       sf_debug_st_terminate_machine 0000000180028fa0 f   sfc_debug:sfdb_data_browse.obj
 0001:00027fe0       sf_debug_st_terminate_instance 0000000180028fe0 f   sfc_debug:sfdb_data_browse.obj
 0001:00028390       push_on_to_void_ptr_stack  0000000180029390 f   sfc_debug:sfdb_data_browse.obj
 0001:00028520       pop_from_void_ptr_stack    0000000180029520 f   sfc_debug:sfdb_data_browse.obj
 0001:00028650       sf_debug_st_get_data_value 0000000180029650 f   sfc_debug:sfdb_data_browse.obj
 0001:00028be0       mx_value                   0000000180029be0 f   sfc_debug:sfdb_data_browse.obj
 0001:00028c20       sf_debug_st_fill_data_struct 0000000180029c20 f   sfc_debug:sfdb_data_browse.obj
 0001:00028f60       data_type_format_strings   0000000180029f60 f   sfc_debug:sfdb_data_browse.obj
 0001:00029010       sf_debug_st_fill_data      000000018002a010 f   sfc_debug:sfdb_data_browse.obj
 0001:00029d60       sf_debug_hm_get_simulink_handle 000000018002ad60 f   sfc_debug:sfdb_handle_management.obj
 0001:0002a8b0       sf_debug_hm_initialize_globals 000000018002b8b0 f   sfc_debug:sfdb_handle_management.obj
 0001:0002a9b0       sf_debug_hm_get_machine_debug_flag 000000018002b9b0 f   sfc_debug:sfdb_handle_management.obj
 0001:0002ab20       sf_debug_hm_get_machine_id 000000018002bb20 f   sfc_debug:sfdb_handle_management.obj
 0001:0002ac40       sf_debug_hm_get_chart_id   000000018002bc40 f   sfc_debug:sfdb_handle_management.obj
 0001:0002ade0       sf_debug_hm_register_executing_SFunction 000000018002bde0 f   sfc_debug:sfdb_handle_management.obj
 0001:0002af80       sf_debug_hm_get_chart_active_instance 000000018002bf80 f   sfc_debug:sfdb_handle_management.obj
 0001:0002b0f0       sf_debug_hm_get_chart_visibility 000000018002c0f0 f   sfc_debug:sfdb_handle_management.obj
 0001:0002b240       sf_debug_hm_form_object_boolean_properties 000000018002c240 f   sfc_debug:sfdb_handle_management.obj
 0001:0002b510       sf_debug_hm_form_object_properties 000000018002c510 f   sfc_debug:sfdb_handle_management.obj
 0001:0002b750       sf_debug_hm_terminate_charts 000000018002c750 f   sfc_debug:sfdb_handle_management.obj
 0001:0002bec0       sf_debug_hm_terminate_machines 000000018002cec0 f   sfc_debug:sfdb_handle_management.obj
 0001:0002db10       sf_debug_ss_copy_dimension 000000018002eb10 f   sfc_debug:sfdb_symbol_scope.obj
 0001:0002dbd0       sf_debug_ss_get_number_elements 000000018002ebd0 f   sfc_debug:sfdb_symbol_scope.obj
 0001:0002dbf0       sf_debug_ss_fill_data_struct 000000018002ebf0 f   sfc_debug:sfdb_symbol_scope.obj
 0001:0002df40       sf_debug_ss_reset_data_info 000000018002ef40 f   sfc_debug:sfdb_symbol_scope.obj
 0001:0002dfa0       sf_debug_fill_data_info_by_symbol_scope_entry 000000018002efa0 f   sfc_debug:sfdb_symbol_scope.obj
 0001:0002e060       sf_debug_fill_data_info_by_data_vector 000000018002f060 f   sfc_debug:sfdb_symbol_scope.obj
 0001:0002e2b0       sf_debug_ss_get_data_info  000000018002f2b0 f   sfc_debug:sfdb_symbol_scope.obj
 0001:0002e5a0       sf_debug_select_mex_function 000000018002f5a0 f   sfc_debug:sfdb_symbol_scope.obj
 0001:0002e5d0       sf_debug_is_dyn_matrix_initialized 000000018002f5d0 f   sfc_debug:sfdb_symbol_scope.obj
 0001:0002e5f0       sf_debug_ss_set_data_value_try 000000018002f5f0 f   sfc_debug:sfdb_symbol_scope.obj
 0001:0002e7c0       sf_debug_ss_get_data_value 000000018002f7c0 f   sfc_debug:sfdb_symbol_scope.obj
 0001:0002ed10       sf_debug_ss_data_bytes_string 000000018002fd10 f   sfc_debug:sfdb_symbol_scope.obj
 0001:0002edc0       sf_debug_ss_data_class_string 000000018002fdc0 f   sfc_debug:sfdb_symbol_scope.obj
 0001:0002f150       sf_debug_ss_data_size_string 0000000180030150 f   sfc_debug:sfdb_symbol_scope.obj
 0001:0002f230       sf_debug_ss_data_create_data_info_struct 0000000180030230 f   sfc_debug:sfdb_symbol_scope.obj
 0001:0002f500       sf_debug_ss_data_create_name_value_pair 0000000180030500 f   sfc_debug:sfdb_symbol_scope.obj
 0001:0002f5a0       sf_debug_ss_data_get_whos_info 00000001800305a0 f   sfc_debug:sfdb_symbol_scope.obj
 0001:0002f5b0       same_named_data_in_data_array 00000001800305b0 f   sfc_debug:sfdb_symbol_scope.obj
 0001:00030e20       sf_debug_cc_terminate_chart 0000000180031e20 f   sfc_debug:sfdb_coverage.obj
 0001:000311c0       sf_debug_cc_terminate_instance 00000001800321c0 f   sfc_debug:sfdb_coverage.obj
 0001:00031db0       sf_debug_cc_mark_object_if_needed 0000000180032db0 f   sfc_debug:sfdb_coverage.obj
 0001:000326b0       sf_debug_bm_initialize_eml 00000001800336b0 f   sfc_debug:sfdb_breakpoints.obj
 0001:00033820       sf_debug_bm_map_debug_tag_to_breakpoint_tag 0000000180034820 f   sfc_debug:sfdb_breakpoints.obj
 0001:00033900       sf_debug_bm_is_a_eml_breakpoint_impl 0000000180034900 f   sfc_debug:sfdb_breakpoints.obj
 0001:00035380       sf_debug_sc_push_on_error_stack 0000000180036380 f   sfc_debug:sfdb_state_consistency.obj
 0001:000354b0       sf_debug_sc_reset_error_stack 00000001800364b0 f   sfc_debug:sfdb_state_consistency.obj
 0001:00035640       sf_debug_sc_is_state_inconsistent 0000000180036640 f   sfc_debug:sfdb_state_consistency.obj
 0001:00035940       sf_debug_sc_fill_consistency_info 0000000180036940 f   sfc_debug:sfdb_state_consistency.obj
 0001:00035f20       void_assertion_fcn         0000000180036f20 f   sfc_debug:sfdb_call_stack.obj
 0001:000364a0       sf_debug_tm_fill_local_trace 00000001800374a0 f   sfc_debug:sfdb_call_stack.obj
 0001:00036a70       sf_debug_cd_terminate_instance 0000000180037a70 f   sfc_debug:sfdb_cycle_detection.obj
 0001:00036ad0       sf_debug_cd_free_checksum_stack 0000000180037ad0 f   sfc_debug:sfdb_cycle_detection.obj
 0001:00036b20       sf_debug_cd_reset_pack_strings 0000000180037b20 f   sfc_debug:sfdb_cycle_detection.obj
 0001:000371e0       md5file_clear              00000001800381e0 f   sfc_debug:ckmd5.obj
 0001:00037210       Encode                     0000000180038210 f   sfc_debug:ckmd5.obj
 0001:00037260       Decode                     0000000180038260 f   sfc_debug:ckmd5.obj
 0001:00037300       MD5Transform               0000000180038300 f   sfc_debug:ckmd5.obj
 0001:00037b50       md5file_addn               0000000180038b50 f   sfc_debug:ckmd5.obj
 0001:00037c20       md5file_hash               0000000180038c20 f   sfc_debug:ckmd5.obj
 0001:000380ec       pre_c_init                 00000001800390ec f   MSVCRT:crtdll.obj
 0001:000383a8       __DllMainCRTStartup        00000001800393a8 f   MSVCRT:crtdll.obj
 0001:00038ab0       __DllMainCRTStartup$filt$0 0000000180039ab0 f   MSVCRT:crtdll.obj
 0001:00038ae0       __DllMainCRTStartup$fin$1  0000000180039ae0 f   MSVCRT:crtdll.obj
 0001:00038afa       _onexit$fin$0              0000000180039afa f   MSVCRT:atonexit.obj
 0001:00038b20       _IsNonwritableInCurrentImage$filt$0 0000000180039b20 f   MSVCRT:pesect.obj
